KUBESPRAY_PREFLIGHT_START=2026-08-08T07:15:24+03:00
PROJECT_DIR=/home/vgorshkov/STUDENT1/PROJECT/diplom-devops
LOG_FILE=/home/vgorshkov/STUDENT1/PROJECT/diplom-devops/ansible_kubespray/logs/kubespray-preflight-20260808T041524Z.log
PERSISTENT_REMOTE_CHANGES=NONE

===== 01_LOCAL_REPOSITORY_AND_KUBESPRAY =====
REPOSITORY_ROOT=/home/vgorshkov/STUDENT1/PROJECT/diplom-devops
BRANCH=main
KUBESPRAY_VERSION=2.31.0
KUBESPRAY_SOURCE_STATE=CLEAN

===== 02_CONTROLLER_ENVIRONMENT =====
CONTROLLER_ROOT_FREE_KB=111222536
CONTROLLER_ROOT_FREE_INODES=7509698
CONTROLLER_DNS_RESULT=SUCCESS
PYTHON_PACKAGE_ANSIBLE=11.13.0
PYTHON_PACKAGE_CRYPTOGRAPHY=46.0.7
PYTHON_PACKAGE_JMESPATH=1.1.0
PYTHON_PACKAGE_NETADDR=1.3.0
ANSIBLE_CORE_VERSION=2.18.18
No broken requirements found.
ansible [core 2.18.18]
  config file = /home/vgorshkov/STUDENT1/PROJECT/diplom-devops/ansible_kubespray/kubespray/ansible.cfg
  configured module search path = ['/home/vgorshkov/STUDENT1/PROJECT/diplom-devops/ansible_kubespray/kubespray/library']
  ansible python module location = /home/vgorshkov/venv-kubespray-2.31.0/lib/python3.12/site-packages/ansible
  ansible collection location = /home/vgorshkov/.ansible/collections:/usr/share/ansible/collections
  executable location = /home/vgorshkov/venv-kubespray-2.31.0/bin/ansible
  python version = 3.12.3 (main, Jun 19 2026, 12:46:00) [GCC 13.3.0] (/home/vgorshkov/venv-kubespray-2.31.0/bin/python)
  jinja version = 3.1.6
  libyaml = True
CONTROLLER_ENVIRONMENT_RESULT=SUCCESS

===== 03_INVENTORY_AND_PROJECT_VARIABLES =====
INVENTORY_HOST_COUNT=6
CONTROL_PLANE_HOSTS=k8s-master-ru-central1-a,k8s-master-ru-central1-b,k8s-master-ru-central1-d
ETCD_HOSTS=k8s-master-ru-central1-a,k8s-master-ru-central1-b,k8s-master-ru-central1-d
WORKER_HOSTS=k8s-worker-ru-central1-a,k8s-worker-ru-central1-b,k8s-worker-ru-central1-d
KUBE_VERSION=v1.30.4
KUBE_NETWORK_PLUGIN=calico
CONTAINER_MANAGER=containerd
KUBE_SERVICE_ADDRESSES=10.233.0.0/18
KUBE_PODS_SUBNET=10.233.64.0/18
KUBE_NETWORK_NODE_PREFIX=24
DNS_DOMAIN=cluster.local
KUBE_PROXY_MODE=ipvs
DNS_MODE=coredns
ENABLE_NODELOCALDNS=True
CALICO_NETWORK_BACKEND=vxlan
CALICO_IPIP_MODE=Never
CALICO_VXLAN_MODE=Always
CONTAINERD_USE_SYSTEMD_CGROUP=True
ETCD_DEPLOYMENT_TYPE=host
PROXY_CONFIGURATION=NOT_DEFINED_IN_INVENTORY
INVENTORY_AND_VARIABLES_RESULT=SUCCESS
@all:
  |--@ungrouped:
  |--@kube_control_plane:
  |  |--k8s-master-ru-central1-a
  |  |--k8s-master-ru-central1-b
  |  |--k8s-master-ru-central1-d
  |--@kube_node:
  |  |--k8s-worker-ru-central1-a
  |  |--k8s-worker-ru-central1-b
  |  |--k8s-worker-ru-central1-d
  |--@etcd:
  |  |--k8s-master-ru-central1-a
  |  |--k8s-master-ru-central1-b
  |  |--k8s-master-ru-central1-d
  |--@k8s_cluster:
  |  |--@kube_control_plane:
  |  |  |--k8s-master-ru-central1-a
  |  |  |--k8s-master-ru-central1-b
  |  |  |--k8s-master-ru-central1-d
  |  |--@kube_node:
  |  |  |--k8s-worker-ru-central1-a
  |  |  |--k8s-worker-ru-central1-b
  |  |  |--k8s-worker-ru-central1-d

===== 04_SSH_CONFIGURATION_AND_ACCESS =====
SSH_ACCESS=SUCCESS host=k8s-master-ru-central1-a ip=172.16.1.10 proxyjump=yc-nat-instance
SSH_ACCESS=SUCCESS host=k8s-master-ru-central1-b ip=172.16.2.10 proxyjump=yc-nat-instance
SSH_ACCESS=SUCCESS host=k8s-master-ru-central1-d ip=172.16.3.10 proxyjump=yc-nat-instance
SSH_ACCESS=SUCCESS host=k8s-worker-ru-central1-a ip=172.16.1.21 proxyjump=yc-nat-instance
SSH_ACCESS=SUCCESS host=k8s-worker-ru-central1-b ip=172.16.2.21 proxyjump=yc-nat-instance
SSH_ACCESS=SUCCESS host=k8s-worker-ru-central1-d ip=172.16.3.21 proxyjump=yc-nat-instance
SSH_CONFIGURATION_AND_ACCESS_RESULT=SUCCESS

===== 05_ANSIBLE_SYNTAX_AND_TARGETS =====
[WARNING]: Could not match supplied host pattern, ignoring: bastion
[WARNING]: Could not match supplied host pattern, ignoring: calico_rr
[WARNING]: Could not match supplied host pattern, ignoring:
_kubespray_needs_etcd

playbook: /home/vgorshkov/STUDENT1/PROJECT/diplom-devops/ansible_kubespray/kubespray/cluster.yml
[WARNING]: Could not match supplied host pattern, ignoring: bastion
[WARNING]: Could not match supplied host pattern, ignoring: calico_rr
[WARNING]: Could not match supplied host pattern, ignoring:
_kubespray_needs_etcd

playbook: /home/vgorshkov/STUDENT1/PROJECT/diplom-devops/ansible_kubespray/kubespray/cluster.yml

  play #1 (all): Check Ansible version	TAGS: [always]
    pattern: ['all']
    hosts (6):
      k8s-worker-ru-central1-d
      k8s-master-ru-central1-d
      k8s-master-ru-central1-b
      k8s-master-ru-central1-a
      k8s-worker-ru-central1-b
      k8s-worker-ru-central1-a

  play #2 (all): Inventory setup and validation	TAGS: [always]
    pattern: ['all']
    hosts (6):
      k8s-worker-ru-central1-d
      k8s-master-ru-central1-d
      k8s-master-ru-central1-b
      k8s-master-ru-central1-a
      k8s-worker-ru-central1-b
      k8s-worker-ru-central1-a

  play #3 (bastion[0]): Install bastion ssh config	TAGS: []
    pattern: ['bastion[0]']
    hosts (0):

  play #4 (k8s_cluster:etcd:calico_rr): Bootstrap hosts for Ansible	TAGS: []
    pattern: ['k8s_cluster:etcd:calico_rr']
    hosts (6):
      k8s-worker-ru-central1-d
      k8s-master-ru-central1-d
      k8s-master-ru-central1-b
      k8s-master-ru-central1-a
      k8s-worker-ru-central1-b
      k8s-worker-ru-central1-a

  play #5 (k8s_cluster:etcd:calico_rr): Gather facts	TAGS: [always]
    pattern: ['k8s_cluster:etcd:calico_rr']
    hosts (6):
      k8s-worker-ru-central1-d
      k8s-master-ru-central1-d
      k8s-master-ru-central1-b
      k8s-master-ru-central1-a
      k8s-worker-ru-central1-b
      k8s-worker-ru-central1-a

  play #6 (k8s_cluster:etcd): Prepare for etcd install	TAGS: []
    pattern: ['k8s_cluster:etcd']
    hosts (6):
      k8s-worker-ru-central1-d
      k8s-master-ru-central1-d
      k8s-master-ru-central1-b
      k8s-master-ru-central1-a
      k8s-worker-ru-central1-b
      k8s-worker-ru-central1-a

  play #7 (kube_node): Add worker nodes to the etcd play if needed	TAGS: []
    pattern: ['kube_node']
    hosts (3):
      k8s-worker-ru-central1-b
      k8s-worker-ru-central1-a
      k8s-worker-ru-central1-d

  play #8 (etcd:kube_control_plane:_kubespray_needs_etcd): Install etcd	TAGS: []
    pattern: ['etcd:kube_control_plane:_kubespray_needs_etcd']
    hosts (3):
      k8s-master-ru-central1-a
      k8s-master-ru-central1-d
      k8s-master-ru-central1-b

  play #9 (k8s_cluster): Install Kubernetes nodes	TAGS: []
    pattern: ['k8s_cluster']
    hosts (6):
      k8s-worker-ru-central1-d
      k8s-master-ru-central1-d
      k8s-master-ru-central1-b
      k8s-master-ru-central1-a
      k8s-worker-ru-central1-b
      k8s-worker-ru-central1-a

  play #10 (kube_control_plane): Install the control plane	TAGS: []
    pattern: ['kube_control_plane']
    hosts (3):
      k8s-master-ru-central1-a
      k8s-master-ru-central1-d
      k8s-master-ru-central1-b

  play #11 (k8s_cluster): Invoke kubeadm and install a CNI	TAGS: []
    pattern: ['k8s_cluster']
    hosts (6):
      k8s-worker-ru-central1-d
      k8s-master-ru-central1-d
      k8s-master-ru-central1-b
      k8s-master-ru-central1-a
      k8s-worker-ru-central1-b
      k8s-worker-ru-central1-a

  play #12 (calico_rr): Install Calico Route Reflector	TAGS: []
    pattern: ['calico_rr']
    hosts (0):

  play #13 (kube_control_plane[0]): Patch Kubernetes for Windows	TAGS: []
    pattern: ['kube_control_plane[0]']
    hosts (1):
      k8s-master-ru-central1-a

  play #14 (kube_control_plane): Install Kubernetes apps	TAGS: []
    pattern: ['kube_control_plane']
    hosts (3):
      k8s-master-ru-central1-a
      k8s-master-ru-central1-d
      k8s-master-ru-central1-b

  play #15 (k8s_cluster): Apply resolv.conf changes now that cluster DNS is up	TAGS: []
    pattern: ['k8s_cluster']
    hosts (6):
      k8s-worker-ru-central1-d
      k8s-master-ru-central1-d
      k8s-master-ru-central1-b
      k8s-master-ru-central1-a
      k8s-worker-ru-central1-b
      k8s-worker-ru-central1-a
KUBESPRAY_PLAYBOOK_STATIC_VALIDATION_RESULT=SUCCESS

===== 06_REMOTE_READ_ONLY_AUDIT =====

playbook: /tmp/kubespray-preflight-audit.KjNeUR.yml

PLAY [Perform complete read-only audit of Kubernetes target hosts] *************
Saturday 08 August 2026  07:15:41 +0300 (0:00:00.045)       0:00:00.045 ******* 

TASK [Verify the approved operating-system and hardware baseline] **************
ok: [k8s-master-ru-central1-a] => {
    "changed": false,
    "msg": "HOST_PLATFORM_AND_RESOURCES=SUCCESS"
}
ok: [k8s-master-ru-central1-b] => {
    "changed": false,
    "msg": "HOST_PLATFORM_AND_RESOURCES=SUCCESS"
}
ok: [k8s-master-ru-central1-d] => {
    "changed": false,
    "msg": "HOST_PLATFORM_AND_RESOURCES=SUCCESS"
}
ok: [k8s-worker-ru-central1-a] => {
    "changed": false,
    "msg": "HOST_PLATFORM_AND_RESOURCES=SUCCESS"
}
ok: [k8s-worker-ru-central1-b] => {
    "changed": false,
    "msg": "HOST_PLATFORM_AND_RESOURCES=SUCCESS"
}
ok: [k8s-worker-ru-central1-d] => {
    "changed": false,
    "msg": "HOST_PLATFORM_AND_RESOURCES=SUCCESS"
}
Saturday 08 August 2026  07:15:41 +0300 (0:00:00.218)       0:00:00.264 ******* 

TASK [Run comprehensive host audit without persistent changes] *****************
fatal: [k8s-master-ru-central1-b]: FAILED! => {"changed": false, "cmd": "set -Eeuo pipefail\nexport LANG=C.UTF-8\nexport LC_ALL=C.UTF-8\n\nerrors=()\nwarnings=()\n\nadd_error()\n{\n    errors+=(\"$1\")\n}\n\nadd_warning()\n{\n    warnings+=(\"$1\")\n}\n\nroot_free_kb=\"$(df -Pk / | awk 'NR == 2 { print $4 }')\"\nroot_free_inodes=\"$(df -Pi / | awk 'NR == 2 { print $4 }')\"\nroot_inode_use=\"$(df -Pi / | awk 'NR == 2 { gsub(/%/, \"\", $5); print $5 }')\"\n\n(( root_free_kb >= 10485760 )) || add_error \"ROOT_FREE_SPACE_LT_10_GIB\"\n(( root_free_inodes >= 100000 )) || add_error \"ROOT_FREE_INODES_LT_100000\"\n(( root_inode_use < 90 )) || add_error \"ROOT_INODE_USAGE_GE_90_PERCENT\"\n\nactive_swap=\"$(swapon --noheadings --show=NAME 2>/dev/null || true)\"\n[[ -z \"${active_swap}\" ]] || add_error \"SWAP_ACTIVE\"\n\nipv4_forward=\"$(sysctl -n net.ipv4.ip_forward 2>/dev/null || true)\"\n[[ \"${ipv4_forward}\" == \"1\" ]] || add_error \"IPV4_FORWARDING_DISABLED\"\n\nntp_state=\"$(timedatectl show --property=NTPSynchronized --value 2>/dev/null || true)\"\n[[ \"${ntp_state}\" == \"yes\" ]] || add_error \"TIME_NOT_SYNCHRONIZED\"\n\nif command -v cloud-init >/dev/null 2>&1\nthen\n    cloud_init_state=\"$(cloud-init status 2>/dev/null | awk '{ print $2; exit }')\"\n    [[ \"${cloud_init_state}\" == \"done\" ]] || add_error \"CLOUD_INIT_NOT_DONE\"\nelse\n    cloud_init_state=\"NOT_INSTALLED\"\nfi\n\n[[ ! -e /var/run/reboot-required ]] || add_error \"REBOOT_REQUIRED\"\n\ndpkg_audit=\"$(dpkg --audit 2>&1 || true)\"\n[[ -z \"${dpkg_audit}\" ]] || add_error \"DPKG_AUDIT_NOT_CLEAN\"\n\nif command -v ufw >/dev/null 2>&1\nthen\n    ufw_state=\"$(ufw status 2>/dev/null | head -n 1 || true)\"\n    grep -Fqi 'inactive' <<< \"${ufw_state}\" || add_error \"UFW_ACTIVE\"\nelse\n    ufw_state=\"NOT_INSTALLED\"\nfi\n\nif systemctl list-unit-files firewalld.service >/dev/null 2>&1\nthen\n    firewalld_state=\"$(systemctl is-active firewalld 2>/dev/null || true)\"\n    [[ \"${firewalld_state}\" != \"active\" ]] || add_error \"FIREWALLD_ACTIVE\"\nelse\n    firewalld_state=\"NOT_INSTALLED\"\nfi\n\nif command -v iptables-save >/dev/null 2>&1\nthen\n    filter_policies=\"$(iptables-save -t filter 2>/dev/null | awk '$1 ~ /^:/ { print $1, $2 }')\"\n    grep -Eq '^:INPUT DROP$|^:FORWARD DROP$' <<< \"${filter_policies}\" &&\n        add_error \"IPTABLES_DEFAULT_DROP_POLICY\" || true\n\n    if iptables-save 2>/dev/null | grep -Eq '(^|[[:space:]])(KUBE-|cali-|CNI-|FLANNEL)'\n    then\n        add_error \"KUBERNETES_OR_CNI_IPTABLES_RESIDUE\"\n    fi\nfi\n\nfor module in overlay br_netfilter nf_conntrack ip_vs ip_vs_rr ip_vs_wrr ip_vs_sh\ndo\n    modinfo \"${module}\" >/dev/null 2>&1 || add_error \"KERNEL_MODULE_UNAVAILABLE_${module}\"\ndone\n\nfor service in kubelet etcd\ndo\n    if systemctl is-active --quiet \"${service}\" 2>/dev/null ||\n       systemctl is-enabled --quiet \"${service}\" 2>/dev/null\n    then\n        add_error \"STALE_SERVICE_${service}\"\n    fi\ndone\n\nfor package_name in kubeadm kubelet kubectl kubernetes-cni\ndo\n    package_state=\"$(dpkg-query -W -f='${db:Status-Abbrev}' \"${package_name}\" 2>/dev/null || true)\"\n    [[ \"${package_state}\" != \"ii \" ]] || add_error \"STALE_PACKAGE_${package_name}\"\ndone\n\nfor binary in kubeadm kubelet kubectl\ndo\n    command -v \"${binary}\" >/dev/null 2>&1 && add_error \"STALE_BINARY_${binary}\" || true\ndone\n\nfor directory in    /etc/kubernetes    /var/lib/kubelet    /var/lib/etcd    /etc/cni/net.d    /var/lib/cni    /opt/cni/bin\ndo\n    if [[ -d \"${directory}\" ]] &&\n       find \"${directory}\" -mindepth 1 -print -quit 2>/dev/null | grep -q .\n    then\n        add_error \"STALE_DIRECTORY_${directory//\\//_}\"\n    fi\ndone\n\nif ip -o link show 2>/dev/null |\n    grep -Eq '^[0-9]+: (cni0|flannel\\.|cali|tunl0|vxlan\\.calico|kube-ipvs0)'\nthen\n    add_error \"STALE_KUBERNETES_NETWORK_INTERFACE\"\nfi\n\nif ip -4 route show 2>/dev/null |\n    grep -Eq '(^|[[:space:]])10\\.233\\.(0|[1-9]|[1-9][0-9]|1[01][0-9]|12[0-7])\\.'\nthen\n    add_error \"STALE_KUBERNETES_ROUTE\"\nfi\n\nrole_ports=(10250)\nif [[ \"k8s-master-ru-central1-b\" == k8s-master-* ]]\nthen\n    role_ports+=(2379 2380 6443 10257 10259)\nelse\n    role_ports+=(10256)\nfi\n\nlistening_sockets=\"$(ss -H -lntup 2>/dev/null || true)\"\nfor port in \"${role_ports[@]}\"\ndo\n    if awk -v port=\":${port}\" '$5 ~ port \"$\" { found=1 } END { exit(found ? 0 : 1) }'        <<< \"${listening_sockets}\"\n    then\n        add_error \"REQUIRED_PORT_ALREADY_IN_USE_${port}\"\n    fi\ndone\n\ndefault_route_count=\"$(ip -4 route show default | awk 'END { print NR + 0 }')\"\n(( default_route_count >= 1 )) || add_error \"DEFAULT_ROUTE_MISSING\"\n\nroute_overlap=\"$({\n    ip -4 route show |\n        awk '$1 != \"default\" && $1 ~ /^[0-9]+\\./ { print $1 }' |\n        python3 -c '\nimport ipaddress\nimport sys\n\nservice = ipaddress.ip_network(\"10.233.0.0/18\")\npods = ipaddress.ip_network(\"10.233.64.0/18\")\n\nfor text in sys.stdin:\n    text = text.strip()\n    if not text:\n        continue\n    try:\n        route = ipaddress.ip_network(text, strict=False)\n    except ValueError:\n        continue\n    if route.overlaps(service) or route.overlaps(pods):\n        print(route)\n' || true\n})\"\n[[ -z \"${route_overlap}\" ]] || add_error \"POD_OR_SERVICE_NETWORK_ROUTE_OVERLAP\"\n\nfor peer_ip in    172.16.1.10 172.16.2.10 172.16.3.10    172.16.1.21 172.16.2.21 172.16.3.21\ndo\n    timeout 5 bash -c \"exec 3<>/dev/tcp/${peer_ip}/22\" 2>/dev/null ||\n        add_error \"PEER_SSH_UNREACHABLE_${peer_ip}\"\ndone\n\nfor dns_name in    mirror.yandex.ru    dl.k8s.io    registry.k8s.io    quay.io    registry-1.docker.io    github.com    ghcr.io\ndo\n    getent ahostsv4 \"${dns_name}\" >/dev/null 2>&1 ||\n        add_error \"DNS_RESOLUTION_FAILED_${dns_name}\"\ndone\n\napt_temp=\"$(mktemp -d /tmp/kubespray-apt-preflight.XXXXXX)\"\ncleanup_apt_temp()\n{\n    rm -rf -- \"${apt_temp}\"\n}\ntrap cleanup_apt_temp EXIT\n\nmkdir -p --    \"${apt_temp}/lists/partial\"    \"${apt_temp}/cache/archives/partial\"\nchmod 755 -- \"${apt_temp}\" \"${apt_temp}/lists\" \"${apt_temp}/lists/partial\"\n\napt_options=(\n    -o \"Dir::State::lists=${apt_temp}/lists\"\n    -o \"Dir::Cache=${apt_temp}/cache\"\n    -o Acquire::Retries=2\n    -o Acquire::http::Timeout=30\n    -o Acquire::https::Timeout=30\n    -o APT::Get::List-Cleanup=0\n)\n\nif ! apt-get \"${apt_options[@]}\" update >/tmp/kubespray-apt-preflight-output.$$ 2>&1\nthen\n    sed -E        -e 's#(https?://)[^/@[:space:]]+:[^/@[:space:]]+@#\\1***:***@#g'        -e 's#([Aa]uthorization:).*#\\1 ***#g'        /tmp/kubespray-apt-preflight-output.$$ >&2 || true\n    rm -f -- /tmp/kubespray-apt-preflight-output.$$\n    add_error \"APT_SIGNED_METADATA_CHECK_FAILED\"\nelse\n    rm -f -- /tmp/kubespray-apt-preflight-output.$$\nfi\n\nrequired_packages=(\n    ca-certificates conntrack curl ebtables ethtool iproute2 ipset\n    iptables ipvsadm kmod libseccomp2 openssl python3 python3-apt\n    rsync socat sudo tar util-linux\n)\n\nif ! apt-get \"${apt_options[@]}\" --simulate install \"${required_packages[@]}\"    >/dev/null 2>&1\nthen\n    add_error \"APT_PACKAGE_RESOLUTION_FAILED\"\nfi\n\ncheck_http()\n{\n    local name=\"$1\"\n    local url=\"$2\"\n    local accepted=\"$3\"\n    local code=\"\"\n\n    code=\"$(\n        curl \\\n            --location \\\n            --silent \\\n            --show-error \\\n            --output /dev/null \\\n            --connect-timeout 15 \\\n            --max-time 45 \\\n            --write-out '%{http_code}' \\\n            \"${url}\" || true\n    )\"\n\n    grep -Eq \"^(${accepted})$\" <<< \"${code}\" ||\n        add_error \"HTTPS_ENDPOINT_FAILED_${name}_${code:-NO_CODE}\"\n}\n\ncheck_http \"APT_INRELEASE\"    \"https://mirror.yandex.ru/ubuntu/dists/jammy/InRelease\" \"200\"\ncheck_http \"KUBEADM_BINARY\"    \"https://dl.k8s.io/release/v1.30.4/bin/linux/amd64/kubeadm\" \"200\"\ncheck_http \"KUBERNETES_REGISTRY\"    \"https://registry.k8s.io/v2/\" \"200|401|404\"\ncheck_http \"QUAY_REGISTRY\"    \"https://quay.io/v2/\" \"200|401\"\ncheck_http \"DOCKER_REGISTRY\"    \"https://registry-1.docker.io/v2/\" \"200|401\"\ncheck_http \"GHCR_REGISTRY\"    \"https://ghcr.io/v2/\" \"200|401\"\ncheck_http \"GITHUB\" \"https://github.com/\" \"200\"\n\nproxy_environment=\"NOT_SET\"\nif env | awk -F= 'tolower($1) ~ /^(http|https|all|no)_proxy$/ { found=1 } END { exit(found ? 0 : 1) }'\nthen\n    proxy_environment=\"PRESENT\"\nfi\n\ncontainerd_state=\"$(systemctl is-active containerd 2>/dev/null || true)\"\ncontainerd_package=\"$(dpkg-query -W -f='${db:Status-Abbrev}' containerd.io 2>/dev/null || true)\"\n\nprintf 'HOST=%s\\n' \"k8s-master-ru-central1-b\"\nprintf 'PRIMARY_IPV4=%s\\n' \"172.16.2.10\"\nprintf 'PRIMARY_INTERFACE=%s\\n' \"eth0\"\nprintf 'PRIMARY_MTU=%s\\n' \"1500\"\nprintf 'CPU_VCPU=%s\\n' \"2\"\nprintf 'MEMORY_MB=%s\\n' \"3910\"\nprintf 'ROOT_FREE_KB=%s\\n' \"${root_free_kb}\"\nprintf 'ROOT_FREE_INODES=%s\\n' \"${root_free_inodes}\"\nprintf 'IPV4_FORWARDING=%s\\n' \"${ipv4_forward}\"\nprintf 'SWAP=%s\\n' \"$([[ -z \"${active_swap}\" ]] && printf DISABLED || printf ACTIVE)\"\nprintf 'NTP_SYNCHRONIZED=%s\\n' \"${ntp_state}\"\nprintf 'CLOUD_INIT=%s\\n' \"${cloud_init_state}\"\nprintf 'UFW=%s\\n' \"${ufw_state}\"\nprintf 'FIREWALLD=%s\\n' \"${firewalld_state}\"\nprintf 'PROXY_ENVIRONMENT=%s\\n' \"${proxy_environment}\"\nprintf 'CONTAINERD_SERVICE=%s\\n' \"${containerd_state:-NOT_INSTALLED}\"\nprintf 'CONTAINERD_PACKAGE=%s\\n' \"${containerd_package:-NOT_INSTALLED}\"\n\nif [[ -v 'warnings[0]' ]]\nthen\n    printf 'WARNINGS=%s\\n' \"${warnings[*]}\"\nelse\n    printf 'WARNINGS=NONE\\n'\nfi\n\nif [[ -v 'errors[0]' ]]\nthen\n    printf 'HOST_AUDIT_ERRORS=%s\\n' \"${errors[*]}\" >&2\n    exit 50\nfi\n\nprintf 'HOST_AUDIT_RESULT=SUCCESS\\n'\n", "delta": "0:00:10.988065", "end": "2026-08-08 04:15:52.988842", "msg": "non-zero return code", "rc": 50, "start": "2026-08-08 04:15:42.000777", "stderr": "Ign:1 https://mirror.yandex.ru/ubuntu jammy InRelease\nIgn:2 https://mirror.yandex.ru/ubuntu jammy-updates InRelease\nIgn:3 https://mirror.yandex.ru/ubuntu jammy-backports InRelease\nIgn:4 https://mirror.yandex.ru/ubuntu jammy-security InRelease\nErr:5 https://mirror.yandex.ru/ubuntu jammy Release\n  Unsupported proxy configured: socks5://172.16.2.254:1080\nErr:6 https://mirror.yandex.ru/ubuntu jammy-updates Release\n  Unsupported proxy configured: socks5://172.16.2.254:1080\nErr:7 https://mirror.yandex.ru/ubuntu jammy-backports Release\n  Unsupported proxy configured: socks5://172.16.2.254:1080\nErr:8 https://mirror.yandex.ru/ubuntu jammy-security Release\n  Unsupported proxy configured: socks5://172.16.2.254:1080\nReading package lists...\nE: The repository 'https://mirror.yandex.ru/ubuntu jammy Release' does not have a Release file.\nE: The repository 'https://mirror.yandex.ru/ubuntu jammy-updates Release' does not have a Release file.\nE: The repository 'https://mirror.yandex.ru/ubuntu jammy-backports Release' does not have a Release file.\nE: The repository 'https://mirror.yandex.ru/ubuntu jammy-security Release' does not have a Release file.\nHOST_AUDIT_ERRORS=STALE_DIRECTORY__etc_kubernetes APT_SIGNED_METADATA_CHECK_FAILED APT_PACKAGE_RESOLUTION_FAILED", "stderr_lines": ["Ign:1 https://mirror.yandex.ru/ubuntu jammy InRelease", "Ign:2 https://mirror.yandex.ru/ubuntu jammy-updates InRelease", "Ign:3 https://mirror.yandex.ru/ubuntu jammy-backports InRelease", "Ign:4 https://mirror.yandex.ru/ubuntu jammy-security InRelease", "Err:5 https://mirror.yandex.ru/ubuntu jammy Release", "  Unsupported proxy configured: socks5://172.16.2.254:1080", "Err:6 https://mirror.yandex.ru/ubuntu jammy-updates Release", "  Unsupported proxy configured: socks5://172.16.2.254:1080", "Err:7 https://mirror.yandex.ru/ubuntu jammy-backports Release", "  Unsupported proxy configured: socks5://172.16.2.254:1080", "Err:8 https://mirror.yandex.ru/ubuntu jammy-security Release", "  Unsupported proxy configured: socks5://172.16.2.254:1080", "Reading package lists...", "E: The repository 'https://mirror.yandex.ru/ubuntu jammy Release' does not have a Release file.", "E: The repository 'https://mirror.yandex.ru/ubuntu jammy-updates Release' does not have a Release file.", "E: The repository 'https://mirror.yandex.ru/ubuntu jammy-backports Release' does not have a Release file.", "E: The repository 'https://mirror.yandex.ru/ubuntu jammy-security Release' does not have a Release file.", "HOST_AUDIT_ERRORS=STALE_DIRECTORY__etc_kubernetes APT_SIGNED_METADATA_CHECK_FAILED APT_PACKAGE_RESOLUTION_FAILED"], "stdout": "HOST=k8s-master-ru-central1-b\nPRIMARY_IPV4=172.16.2.10\nPRIMARY_INTERFACE=eth0\nPRIMARY_MTU=1500\nCPU_VCPU=2\nMEMORY_MB=3910\nROOT_FREE_KB=27993528\nROOT_FREE_INODES=3702399\nIPV4_FORWARDING=1\nSWAP=DISABLED\nNTP_SYNCHRONIZED=yes\nCLOUD_INIT=done\nUFW=Status: inactive\nFIREWALLD=NOT_INSTALLED\nPROXY_ENVIRONMENT=NOT_SET\nCONTAINERD_SERVICE=inactive\nCONTAINERD_PACKAGE=NOT_INSTALLED\nWARNINGS=NONE", "stdout_lines": ["HOST=k8s-master-ru-central1-b", "PRIMARY_IPV4=172.16.2.10", "PRIMARY_INTERFACE=eth0", "PRIMARY_MTU=1500", "CPU_VCPU=2", "MEMORY_MB=3910", "ROOT_FREE_KB=27993528", "ROOT_FREE_INODES=3702399", "IPV4_FORWARDING=1", "SWAP=DISABLED", "NTP_SYNCHRONIZED=yes", "CLOUD_INIT=done", "UFW=Status: inactive", "FIREWALLD=NOT_INSTALLED", "PROXY_ENVIRONMENT=NOT_SET", "CONTAINERD_SERVICE=inactive", "CONTAINERD_PACKAGE=NOT_INSTALLED", "WARNINGS=NONE"]}
fatal: [k8s-worker-ru-central1-b]: FAILED! => {"changed": false, "cmd": "set -Eeuo pipefail\nexport LANG=C.UTF-8\nexport LC_ALL=C.UTF-8\n\nerrors=()\nwarnings=()\n\nadd_error()\n{\n    errors+=(\"$1\")\n}\n\nadd_warning()\n{\n    warnings+=(\"$1\")\n}\n\nroot_free_kb=\"$(df -Pk / | awk 'NR == 2 { print $4 }')\"\nroot_free_inodes=\"$(df -Pi / | awk 'NR == 2 { print $4 }')\"\nroot_inode_use=\"$(df -Pi / | awk 'NR == 2 { gsub(/%/, \"\", $5); print $5 }')\"\n\n(( root_free_kb >= 10485760 )) || add_error \"ROOT_FREE_SPACE_LT_10_GIB\"\n(( root_free_inodes >= 100000 )) || add_error \"ROOT_FREE_INODES_LT_100000\"\n(( root_inode_use < 90 )) || add_error \"ROOT_INODE_USAGE_GE_90_PERCENT\"\n\nactive_swap=\"$(swapon --noheadings --show=NAME 2>/dev/null || true)\"\n[[ -z \"${active_swap}\" ]] || add_error \"SWAP_ACTIVE\"\n\nipv4_forward=\"$(sysctl -n net.ipv4.ip_forward 2>/dev/null || true)\"\n[[ \"${ipv4_forward}\" == \"1\" ]] || add_error \"IPV4_FORWARDING_DISABLED\"\n\nntp_state=\"$(timedatectl show --property=NTPSynchronized --value 2>/dev/null || true)\"\n[[ \"${ntp_state}\" == \"yes\" ]] || add_error \"TIME_NOT_SYNCHRONIZED\"\n\nif command -v cloud-init >/dev/null 2>&1\nthen\n    cloud_init_state=\"$(cloud-init status 2>/dev/null | awk '{ print $2; exit }')\"\n    [[ \"${cloud_init_state}\" == \"done\" ]] || add_error \"CLOUD_INIT_NOT_DONE\"\nelse\n    cloud_init_state=\"NOT_INSTALLED\"\nfi\n\n[[ ! -e /var/run/reboot-required ]] || add_error \"REBOOT_REQUIRED\"\n\ndpkg_audit=\"$(dpkg --audit 2>&1 || true)\"\n[[ -z \"${dpkg_audit}\" ]] || add_error \"DPKG_AUDIT_NOT_CLEAN\"\n\nif command -v ufw >/dev/null 2>&1\nthen\n    ufw_state=\"$(ufw status 2>/dev/null | head -n 1 || true)\"\n    grep -Fqi 'inactive' <<< \"${ufw_state}\" || add_error \"UFW_ACTIVE\"\nelse\n    ufw_state=\"NOT_INSTALLED\"\nfi\n\nif systemctl list-unit-files firewalld.service >/dev/null 2>&1\nthen\n    firewalld_state=\"$(systemctl is-active firewalld 2>/dev/null || true)\"\n    [[ \"${firewalld_state}\" != \"active\" ]] || add_error \"FIREWALLD_ACTIVE\"\nelse\n    firewalld_state=\"NOT_INSTALLED\"\nfi\n\nif command -v iptables-save >/dev/null 2>&1\nthen\n    filter_policies=\"$(iptables-save -t filter 2>/dev/null | awk '$1 ~ /^:/ { print $1, $2 }')\"\n    grep -Eq '^:INPUT DROP$|^:FORWARD DROP$' <<< \"${filter_policies}\" &&\n        add_error \"IPTABLES_DEFAULT_DROP_POLICY\" || true\n\n    if iptables-save 2>/dev/null | grep -Eq '(^|[[:space:]])(KUBE-|cali-|CNI-|FLANNEL)'\n    then\n        add_error \"KUBERNETES_OR_CNI_IPTABLES_RESIDUE\"\n    fi\nfi\n\nfor module in overlay br_netfilter nf_conntrack ip_vs ip_vs_rr ip_vs_wrr ip_vs_sh\ndo\n    modinfo \"${module}\" >/dev/null 2>&1 || add_error \"KERNEL_MODULE_UNAVAILABLE_${module}\"\ndone\n\nfor service in kubelet etcd\ndo\n    if systemctl is-active --quiet \"${service}\" 2>/dev/null ||\n       systemctl is-enabled --quiet \"${service}\" 2>/dev/null\n    then\n        add_error \"STALE_SERVICE_${service}\"\n    fi\ndone\n\nfor package_name in kubeadm kubelet kubectl kubernetes-cni\ndo\n    package_state=\"$(dpkg-query -W -f='${db:Status-Abbrev}' \"${package_name}\" 2>/dev/null || true)\"\n    [[ \"${package_state}\" != \"ii \" ]] || add_error \"STALE_PACKAGE_${package_name}\"\ndone\n\nfor binary in kubeadm kubelet kubectl\ndo\n    command -v \"${binary}\" >/dev/null 2>&1 && add_error \"STALE_BINARY_${binary}\" || true\ndone\n\nfor directory in    /etc/kubernetes    /var/lib/kubelet    /var/lib/etcd    /etc/cni/net.d    /var/lib/cni    /opt/cni/bin\ndo\n    if [[ -d \"${directory}\" ]] &&\n       find \"${directory}\" -mindepth 1 -print -quit 2>/dev/null | grep -q .\n    then\n        add_error \"STALE_DIRECTORY_${directory//\\//_}\"\n    fi\ndone\n\nif ip -o link show 2>/dev/null |\n    grep -Eq '^[0-9]+: (cni0|flannel\\.|cali|tunl0|vxlan\\.calico|kube-ipvs0)'\nthen\n    add_error \"STALE_KUBERNETES_NETWORK_INTERFACE\"\nfi\n\nif ip -4 route show 2>/dev/null |\n    grep -Eq '(^|[[:space:]])10\\.233\\.(0|[1-9]|[1-9][0-9]|1[01][0-9]|12[0-7])\\.'\nthen\n    add_error \"STALE_KUBERNETES_ROUTE\"\nfi\n\nrole_ports=(10250)\nif [[ \"k8s-worker-ru-central1-b\" == k8s-master-* ]]\nthen\n    role_ports+=(2379 2380 6443 10257 10259)\nelse\n    role_ports+=(10256)\nfi\n\nlistening_sockets=\"$(ss -H -lntup 2>/dev/null || true)\"\nfor port in \"${role_ports[@]}\"\ndo\n    if awk -v port=\":${port}\" '$5 ~ port \"$\" { found=1 } END { exit(found ? 0 : 1) }'        <<< \"${listening_sockets}\"\n    then\n        add_error \"REQUIRED_PORT_ALREADY_IN_USE_${port}\"\n    fi\ndone\n\ndefault_route_count=\"$(ip -4 route show default | awk 'END { print NR + 0 }')\"\n(( default_route_count >= 1 )) || add_error \"DEFAULT_ROUTE_MISSING\"\n\nroute_overlap=\"$({\n    ip -4 route show |\n        awk '$1 != \"default\" && $1 ~ /^[0-9]+\\./ { print $1 }' |\n        python3 -c '\nimport ipaddress\nimport sys\n\nservice = ipaddress.ip_network(\"10.233.0.0/18\")\npods = ipaddress.ip_network(\"10.233.64.0/18\")\n\nfor text in sys.stdin:\n    text = text.strip()\n    if not text:\n        continue\n    try:\n        route = ipaddress.ip_network(text, strict=False)\n    except ValueError:\n        continue\n    if route.overlaps(service) or route.overlaps(pods):\n        print(route)\n' || true\n})\"\n[[ -z \"${route_overlap}\" ]] || add_error \"POD_OR_SERVICE_NETWORK_ROUTE_OVERLAP\"\n\nfor peer_ip in    172.16.1.10 172.16.2.10 172.16.3.10    172.16.1.21 172.16.2.21 172.16.3.21\ndo\n    timeout 5 bash -c \"exec 3<>/dev/tcp/${peer_ip}/22\" 2>/dev/null ||\n        add_error \"PEER_SSH_UNREACHABLE_${peer_ip}\"\ndone\n\nfor dns_name in    mirror.yandex.ru    dl.k8s.io    registry.k8s.io    quay.io    registry-1.docker.io    github.com    ghcr.io\ndo\n    getent ahostsv4 \"${dns_name}\" >/dev/null 2>&1 ||\n        add_error \"DNS_RESOLUTION_FAILED_${dns_name}\"\ndone\n\napt_temp=\"$(mktemp -d /tmp/kubespray-apt-preflight.XXXXXX)\"\ncleanup_apt_temp()\n{\n    rm -rf -- \"${apt_temp}\"\n}\ntrap cleanup_apt_temp EXIT\n\nmkdir -p --    \"${apt_temp}/lists/partial\"    \"${apt_temp}/cache/archives/partial\"\nchmod 755 -- \"${apt_temp}\" \"${apt_temp}/lists\" \"${apt_temp}/lists/partial\"\n\napt_options=(\n    -o \"Dir::State::lists=${apt_temp}/lists\"\n    -o \"Dir::Cache=${apt_temp}/cache\"\n    -o Acquire::Retries=2\n    -o Acquire::http::Timeout=30\n    -o Acquire::https::Timeout=30\n    -o APT::Get::List-Cleanup=0\n)\n\nif ! apt-get \"${apt_options[@]}\" update >/tmp/kubespray-apt-preflight-output.$$ 2>&1\nthen\n    sed -E        -e 's#(https?://)[^/@[:space:]]+:[^/@[:space:]]+@#\\1***:***@#g'        -e 's#([Aa]uthorization:).*#\\1 ***#g'        /tmp/kubespray-apt-preflight-output.$$ >&2 || true\n    rm -f -- /tmp/kubespray-apt-preflight-output.$$\n    add_error \"APT_SIGNED_METADATA_CHECK_FAILED\"\nelse\n    rm -f -- /tmp/kubespray-apt-preflight-output.$$\nfi\n\nrequired_packages=(\n    ca-certificates conntrack curl ebtables ethtool iproute2 ipset\n    iptables ipvsadm kmod libseccomp2 openssl python3 python3-apt\n    rsync socat sudo tar util-linux\n)\n\nif ! apt-get \"${apt_options[@]}\" --simulate install \"${required_packages[@]}\"    >/dev/null 2>&1\nthen\n    add_error \"APT_PACKAGE_RESOLUTION_FAILED\"\nfi\n\ncheck_http()\n{\n    local name=\"$1\"\n    local url=\"$2\"\n    local accepted=\"$3\"\n    local code=\"\"\n\n    code=\"$(\n        curl \\\n            --location \\\n            --silent \\\n            --show-error \\\n            --output /dev/null \\\n            --connect-timeout 15 \\\n            --max-time 45 \\\n            --write-out '%{http_code}' \\\n            \"${url}\" || true\n    )\"\n\n    grep -Eq \"^(${accepted})$\" <<< \"${code}\" ||\n        add_error \"HTTPS_ENDPOINT_FAILED_${name}_${code:-NO_CODE}\"\n}\n\ncheck_http \"APT_INRELEASE\"    \"https://mirror.yandex.ru/ubuntu/dists/jammy/InRelease\" \"200\"\ncheck_http \"KUBEADM_BINARY\"    \"https://dl.k8s.io/release/v1.30.4/bin/linux/amd64/kubeadm\" \"200\"\ncheck_http \"KUBERNETES_REGISTRY\"    \"https://registry.k8s.io/v2/\" \"200|401|404\"\ncheck_http \"QUAY_REGISTRY\"    \"https://quay.io/v2/\" \"200|401\"\ncheck_http \"DOCKER_REGISTRY\"    \"https://registry-1.docker.io/v2/\" \"200|401\"\ncheck_http \"GHCR_REGISTRY\"    \"https://ghcr.io/v2/\" \"200|401\"\ncheck_http \"GITHUB\" \"https://github.com/\" \"200\"\n\nproxy_environment=\"NOT_SET\"\nif env | awk -F= 'tolower($1) ~ /^(http|https|all|no)_proxy$/ { found=1 } END { exit(found ? 0 : 1) }'\nthen\n    proxy_environment=\"PRESENT\"\nfi\n\ncontainerd_state=\"$(systemctl is-active containerd 2>/dev/null || true)\"\ncontainerd_package=\"$(dpkg-query -W -f='${db:Status-Abbrev}' containerd.io 2>/dev/null || true)\"\n\nprintf 'HOST=%s\\n' \"k8s-worker-ru-central1-b\"\nprintf 'PRIMARY_IPV4=%s\\n' \"172.16.2.21\"\nprintf 'PRIMARY_INTERFACE=%s\\n' \"eth0\"\nprintf 'PRIMARY_MTU=%s\\n' \"1500\"\nprintf 'CPU_VCPU=%s\\n' \"2\"\nprintf 'MEMORY_MB=%s\\n' \"1962\"\nprintf 'ROOT_FREE_KB=%s\\n' \"${root_free_kb}\"\nprintf 'ROOT_FREE_INODES=%s\\n' \"${root_free_inodes}\"\nprintf 'IPV4_FORWARDING=%s\\n' \"${ipv4_forward}\"\nprintf 'SWAP=%s\\n' \"$([[ -z \"${active_swap}\" ]] && printf DISABLED || printf ACTIVE)\"\nprintf 'NTP_SYNCHRONIZED=%s\\n' \"${ntp_state}\"\nprintf 'CLOUD_INIT=%s\\n' \"${cloud_init_state}\"\nprintf 'UFW=%s\\n' \"${ufw_state}\"\nprintf 'FIREWALLD=%s\\n' \"${firewalld_state}\"\nprintf 'PROXY_ENVIRONMENT=%s\\n' \"${proxy_environment}\"\nprintf 'CONTAINERD_SERVICE=%s\\n' \"${containerd_state:-NOT_INSTALLED}\"\nprintf 'CONTAINERD_PACKAGE=%s\\n' \"${containerd_package:-NOT_INSTALLED}\"\n\nif [[ -v 'warnings[0]' ]]\nthen\n    printf 'WARNINGS=%s\\n' \"${warnings[*]}\"\nelse\n    printf 'WARNINGS=NONE\\n'\nfi\n\nif [[ -v 'errors[0]' ]]\nthen\n    printf 'HOST_AUDIT_ERRORS=%s\\n' \"${errors[*]}\" >&2\n    exit 50\nfi\n\nprintf 'HOST_AUDIT_RESULT=SUCCESS\\n'\n", "delta": "0:00:17.473688", "end": "2026-08-08 04:15:59.455394", "msg": "non-zero return code", "rc": 50, "start": "2026-08-08 04:15:41.981706", "stderr": "Ign:1 https://mirror.yandex.ru/ubuntu jammy InRelease\nIgn:2 https://mirror.yandex.ru/ubuntu jammy-updates InRelease\nIgn:3 https://mirror.yandex.ru/ubuntu jammy-backports InRelease\nIgn:4 https://mirror.yandex.ru/ubuntu jammy-security InRelease\nErr:5 https://mirror.yandex.ru/ubuntu jammy Release\n  Unsupported proxy configured: socks5://172.16.2.254:1080\nErr:6 https://mirror.yandex.ru/ubuntu jammy-updates Release\n  Unsupported proxy configured: socks5://172.16.2.254:1080\nErr:7 https://mirror.yandex.ru/ubuntu jammy-backports Release\n  Unsupported proxy configured: socks5://172.16.2.254:1080\nErr:8 https://mirror.yandex.ru/ubuntu jammy-security Release\n  Unsupported proxy configured: socks5://172.16.2.254:1080\nReading package lists...\nE: The repository 'https://mirror.yandex.ru/ubuntu jammy Release' does not have a Release file.\nE: The repository 'https://mirror.yandex.ru/ubuntu jammy-updates Release' does not have a Release file.\nE: The repository 'https://mirror.yandex.ru/ubuntu jammy-backports Release' does not have a Release file.\nE: The repository 'https://mirror.yandex.ru/ubuntu jammy-security Release' does not have a Release file.\nHOST_AUDIT_ERRORS=STALE_DIRECTORY__etc_kubernetes APT_SIGNED_METADATA_CHECK_FAILED APT_PACKAGE_RESOLUTION_FAILED", "stderr_lines": ["Ign:1 https://mirror.yandex.ru/ubuntu jammy InRelease", "Ign:2 https://mirror.yandex.ru/ubuntu jammy-updates InRelease", "Ign:3 https://mirror.yandex.ru/ubuntu jammy-backports InRelease", "Ign:4 https://mirror.yandex.ru/ubuntu jammy-security InRelease", "Err:5 https://mirror.yandex.ru/ubuntu jammy Release", "  Unsupported proxy configured: socks5://172.16.2.254:1080", "Err:6 https://mirror.yandex.ru/ubuntu jammy-updates Release", "  Unsupported proxy configured: socks5://172.16.2.254:1080", "Err:7 https://mirror.yandex.ru/ubuntu jammy-backports Release", "  Unsupported proxy configured: socks5://172.16.2.254:1080", "Err:8 https://mirror.yandex.ru/ubuntu jammy-security Release", "  Unsupported proxy configured: socks5://172.16.2.254:1080", "Reading package lists...", "E: The repository 'https://mirror.yandex.ru/ubuntu jammy Release' does not have a Release file.", "E: The repository 'https://mirror.yandex.ru/ubuntu jammy-updates Release' does not have a Release file.", "E: The repository 'https://mirror.yandex.ru/ubuntu jammy-backports Release' does not have a Release file.", "E: The repository 'https://mirror.yandex.ru/ubuntu jammy-security Release' does not have a Release file.", "HOST_AUDIT_ERRORS=STALE_DIRECTORY__etc_kubernetes APT_SIGNED_METADATA_CHECK_FAILED APT_PACKAGE_RESOLUTION_FAILED"], "stdout": "HOST=k8s-worker-ru-central1-b\nPRIMARY_IPV4=172.16.2.21\nPRIMARY_INTERFACE=eth0\nPRIMARY_MTU=1500\nCPU_VCPU=2\nMEMORY_MB=1962\nROOT_FREE_KB=17830672\nROOT_FREE_INODES=2412162\nIPV4_FORWARDING=1\nSWAP=DISABLED\nNTP_SYNCHRONIZED=yes\nCLOUD_INIT=done\nUFW=Status: inactive\nFIREWALLD=NOT_INSTALLED\nPROXY_ENVIRONMENT=NOT_SET\nCONTAINERD_SERVICE=inactive\nCONTAINERD_PACKAGE=NOT_INSTALLED\nWARNINGS=NONE", "stdout_lines": ["HOST=k8s-worker-ru-central1-b", "PRIMARY_IPV4=172.16.2.21", "PRIMARY_INTERFACE=eth0", "PRIMARY_MTU=1500", "CPU_VCPU=2", "MEMORY_MB=1962", "ROOT_FREE_KB=17830672", "ROOT_FREE_INODES=2412162", "IPV4_FORWARDING=1", "SWAP=DISABLED", "NTP_SYNCHRONIZED=yes", "CLOUD_INIT=done", "UFW=Status: inactive", "FIREWALLD=NOT_INSTALLED", "PROXY_ENVIRONMENT=NOT_SET", "CONTAINERD_SERVICE=inactive", "CONTAINERD_PACKAGE=NOT_INSTALLED", "WARNINGS=NONE"]}
fatal: [k8s-worker-ru-central1-d]: FAILED! => {"changed": false, "cmd": "set -Eeuo pipefail\nexport LANG=C.UTF-8\nexport LC_ALL=C.UTF-8\n\nerrors=()\nwarnings=()\n\nadd_error()\n{\n    errors+=(\"$1\")\n}\n\nadd_warning()\n{\n    warnings+=(\"$1\")\n}\n\nroot_free_kb=\"$(df -Pk / | awk 'NR == 2 { print $4 }')\"\nroot_free_inodes=\"$(df -Pi / | awk 'NR == 2 { print $4 }')\"\nroot_inode_use=\"$(df -Pi / | awk 'NR == 2 { gsub(/%/, \"\", $5); print $5 }')\"\n\n(( root_free_kb >= 10485760 )) || add_error \"ROOT_FREE_SPACE_LT_10_GIB\"\n(( root_free_inodes >= 100000 )) || add_error \"ROOT_FREE_INODES_LT_100000\"\n(( root_inode_use < 90 )) || add_error \"ROOT_INODE_USAGE_GE_90_PERCENT\"\n\nactive_swap=\"$(swapon --noheadings --show=NAME 2>/dev/null || true)\"\n[[ -z \"${active_swap}\" ]] || add_error \"SWAP_ACTIVE\"\n\nipv4_forward=\"$(sysctl -n net.ipv4.ip_forward 2>/dev/null || true)\"\n[[ \"${ipv4_forward}\" == \"1\" ]] || add_error \"IPV4_FORWARDING_DISABLED\"\n\nntp_state=\"$(timedatectl show --property=NTPSynchronized --value 2>/dev/null || true)\"\n[[ \"${ntp_state}\" == \"yes\" ]] || add_error \"TIME_NOT_SYNCHRONIZED\"\n\nif command -v cloud-init >/dev/null 2>&1\nthen\n    cloud_init_state=\"$(cloud-init status 2>/dev/null | awk '{ print $2; exit }')\"\n    [[ \"${cloud_init_state}\" == \"done\" ]] || add_error \"CLOUD_INIT_NOT_DONE\"\nelse\n    cloud_init_state=\"NOT_INSTALLED\"\nfi\n\n[[ ! -e /var/run/reboot-required ]] || add_error \"REBOOT_REQUIRED\"\n\ndpkg_audit=\"$(dpkg --audit 2>&1 || true)\"\n[[ -z \"${dpkg_audit}\" ]] || add_error \"DPKG_AUDIT_NOT_CLEAN\"\n\nif command -v ufw >/dev/null 2>&1\nthen\n    ufw_state=\"$(ufw status 2>/dev/null | head -n 1 || true)\"\n    grep -Fqi 'inactive' <<< \"${ufw_state}\" || add_error \"UFW_ACTIVE\"\nelse\n    ufw_state=\"NOT_INSTALLED\"\nfi\n\nif systemctl list-unit-files firewalld.service >/dev/null 2>&1\nthen\n    firewalld_state=\"$(systemctl is-active firewalld 2>/dev/null || true)\"\n    [[ \"${firewalld_state}\" != \"active\" ]] || add_error \"FIREWALLD_ACTIVE\"\nelse\n    firewalld_state=\"NOT_INSTALLED\"\nfi\n\nif command -v iptables-save >/dev/null 2>&1\nthen\n    filter_policies=\"$(iptables-save -t filter 2>/dev/null | awk '$1 ~ /^:/ { print $1, $2 }')\"\n    grep -Eq '^:INPUT DROP$|^:FORWARD DROP$' <<< \"${filter_policies}\" &&\n        add_error \"IPTABLES_DEFAULT_DROP_POLICY\" || true\n\n    if iptables-save 2>/dev/null | grep -Eq '(^|[[:space:]])(KUBE-|cali-|CNI-|FLANNEL)'\n    then\n        add_error \"KUBERNETES_OR_CNI_IPTABLES_RESIDUE\"\n    fi\nfi\n\nfor module in overlay br_netfilter nf_conntrack ip_vs ip_vs_rr ip_vs_wrr ip_vs_sh\ndo\n    modinfo \"${module}\" >/dev/null 2>&1 || add_error \"KERNEL_MODULE_UNAVAILABLE_${module}\"\ndone\n\nfor service in kubelet etcd\ndo\n    if systemctl is-active --quiet \"${service}\" 2>/dev/null ||\n       systemctl is-enabled --quiet \"${service}\" 2>/dev/null\n    then\n        add_error \"STALE_SERVICE_${service}\"\n    fi\ndone\n\nfor package_name in kubeadm kubelet kubectl kubernetes-cni\ndo\n    package_state=\"$(dpkg-query -W -f='${db:Status-Abbrev}' \"${package_name}\" 2>/dev/null || true)\"\n    [[ \"${package_state}\" != \"ii \" ]] || add_error \"STALE_PACKAGE_${package_name}\"\ndone\n\nfor binary in kubeadm kubelet kubectl\ndo\n    command -v \"${binary}\" >/dev/null 2>&1 && add_error \"STALE_BINARY_${binary}\" || true\ndone\n\nfor directory in    /etc/kubernetes    /var/lib/kubelet    /var/lib/etcd    /etc/cni/net.d    /var/lib/cni    /opt/cni/bin\ndo\n    if [[ -d \"${directory}\" ]] &&\n       find \"${directory}\" -mindepth 1 -print -quit 2>/dev/null | grep -q .\n    then\n        add_error \"STALE_DIRECTORY_${directory//\\//_}\"\n    fi\ndone\n\nif ip -o link show 2>/dev/null |\n    grep -Eq '^[0-9]+: (cni0|flannel\\.|cali|tunl0|vxlan\\.calico|kube-ipvs0)'\nthen\n    add_error \"STALE_KUBERNETES_NETWORK_INTERFACE\"\nfi\n\nif ip -4 route show 2>/dev/null |\n    grep -Eq '(^|[[:space:]])10\\.233\\.(0|[1-9]|[1-9][0-9]|1[01][0-9]|12[0-7])\\.'\nthen\n    add_error \"STALE_KUBERNETES_ROUTE\"\nfi\n\nrole_ports=(10250)\nif [[ \"k8s-worker-ru-central1-d\" == k8s-master-* ]]\nthen\n    role_ports+=(2379 2380 6443 10257 10259)\nelse\n    role_ports+=(10256)\nfi\n\nlistening_sockets=\"$(ss -H -lntup 2>/dev/null || true)\"\nfor port in \"${role_ports[@]}\"\ndo\n    if awk -v port=\":${port}\" '$5 ~ port \"$\" { found=1 } END { exit(found ? 0 : 1) }'        <<< \"${listening_sockets}\"\n    then\n        add_error \"REQUIRED_PORT_ALREADY_IN_USE_${port}\"\n    fi\ndone\n\ndefault_route_count=\"$(ip -4 route show default | awk 'END { print NR + 0 }')\"\n(( default_route_count >= 1 )) || add_error \"DEFAULT_ROUTE_MISSING\"\n\nroute_overlap=\"$({\n    ip -4 route show |\n        awk '$1 != \"default\" && $1 ~ /^[0-9]+\\./ { print $1 }' |\n        python3 -c '\nimport ipaddress\nimport sys\n\nservice = ipaddress.ip_network(\"10.233.0.0/18\")\npods = ipaddress.ip_network(\"10.233.64.0/18\")\n\nfor text in sys.stdin:\n    text = text.strip()\n    if not text:\n        continue\n    try:\n        route = ipaddress.ip_network(text, strict=False)\n    except ValueError:\n        continue\n    if route.overlaps(service) or route.overlaps(pods):\n        print(route)\n' || true\n})\"\n[[ -z \"${route_overlap}\" ]] || add_error \"POD_OR_SERVICE_NETWORK_ROUTE_OVERLAP\"\n\nfor peer_ip in    172.16.1.10 172.16.2.10 172.16.3.10    172.16.1.21 172.16.2.21 172.16.3.21\ndo\n    timeout 5 bash -c \"exec 3<>/dev/tcp/${peer_ip}/22\" 2>/dev/null ||\n        add_error \"PEER_SSH_UNREACHABLE_${peer_ip}\"\ndone\n\nfor dns_name in    mirror.yandex.ru    dl.k8s.io    registry.k8s.io    quay.io    registry-1.docker.io    github.com    ghcr.io\ndo\n    getent ahostsv4 \"${dns_name}\" >/dev/null 2>&1 ||\n        add_error \"DNS_RESOLUTION_FAILED_${dns_name}\"\ndone\n\napt_temp=\"$(mktemp -d /tmp/kubespray-apt-preflight.XXXXXX)\"\ncleanup_apt_temp()\n{\n    rm -rf -- \"${apt_temp}\"\n}\ntrap cleanup_apt_temp EXIT\n\nmkdir -p --    \"${apt_temp}/lists/partial\"    \"${apt_temp}/cache/archives/partial\"\nchmod 755 -- \"${apt_temp}\" \"${apt_temp}/lists\" \"${apt_temp}/lists/partial\"\n\napt_options=(\n    -o \"Dir::State::lists=${apt_temp}/lists\"\n    -o \"Dir::Cache=${apt_temp}/cache\"\n    -o Acquire::Retries=2\n    -o Acquire::http::Timeout=30\n    -o Acquire::https::Timeout=30\n    -o APT::Get::List-Cleanup=0\n)\n\nif ! apt-get \"${apt_options[@]}\" update >/tmp/kubespray-apt-preflight-output.$$ 2>&1\nthen\n    sed -E        -e 's#(https?://)[^/@[:space:]]+:[^/@[:space:]]+@#\\1***:***@#g'        -e 's#([Aa]uthorization:).*#\\1 ***#g'        /tmp/kubespray-apt-preflight-output.$$ >&2 || true\n    rm -f -- /tmp/kubespray-apt-preflight-output.$$\n    add_error \"APT_SIGNED_METADATA_CHECK_FAILED\"\nelse\n    rm -f -- /tmp/kubespray-apt-preflight-output.$$\nfi\n\nrequired_packages=(\n    ca-certificates conntrack curl ebtables ethtool iproute2 ipset\n    iptables ipvsadm kmod libseccomp2 openssl python3 python3-apt\n    rsync socat sudo tar util-linux\n)\n\nif ! apt-get \"${apt_options[@]}\" --simulate install \"${required_packages[@]}\"    >/dev/null 2>&1\nthen\n    add_error \"APT_PACKAGE_RESOLUTION_FAILED\"\nfi\n\ncheck_http()\n{\n    local name=\"$1\"\n    local url=\"$2\"\n    local accepted=\"$3\"\n    local code=\"\"\n\n    code=\"$(\n        curl \\\n            --location \\\n            --silent \\\n            --show-error \\\n            --output /dev/null \\\n            --connect-timeout 15 \\\n            --max-time 45 \\\n            --write-out '%{http_code}' \\\n            \"${url}\" || true\n    )\"\n\n    grep -Eq \"^(${accepted})$\" <<< \"${code}\" ||\n        add_error \"HTTPS_ENDPOINT_FAILED_${name}_${code:-NO_CODE}\"\n}\n\ncheck_http \"APT_INRELEASE\"    \"https://mirror.yandex.ru/ubuntu/dists/jammy/InRelease\" \"200\"\ncheck_http \"KUBEADM_BINARY\"    \"https://dl.k8s.io/release/v1.30.4/bin/linux/amd64/kubeadm\" \"200\"\ncheck_http \"KUBERNETES_REGISTRY\"    \"https://registry.k8s.io/v2/\" \"200|401|404\"\ncheck_http \"QUAY_REGISTRY\"    \"https://quay.io/v2/\" \"200|401\"\ncheck_http \"DOCKER_REGISTRY\"    \"https://registry-1.docker.io/v2/\" \"200|401\"\ncheck_http \"GHCR_REGISTRY\"    \"https://ghcr.io/v2/\" \"200|401\"\ncheck_http \"GITHUB\" \"https://github.com/\" \"200\"\n\nproxy_environment=\"NOT_SET\"\nif env | awk -F= 'tolower($1) ~ /^(http|https|all|no)_proxy$/ { found=1 } END { exit(found ? 0 : 1) }'\nthen\n    proxy_environment=\"PRESENT\"\nfi\n\ncontainerd_state=\"$(systemctl is-active containerd 2>/dev/null || true)\"\ncontainerd_package=\"$(dpkg-query -W -f='${db:Status-Abbrev}' containerd.io 2>/dev/null || true)\"\n\nprintf 'HOST=%s\\n' \"k8s-worker-ru-central1-d\"\nprintf 'PRIMARY_IPV4=%s\\n' \"172.16.3.21\"\nprintf 'PRIMARY_INTERFACE=%s\\n' \"eth0\"\nprintf 'PRIMARY_MTU=%s\\n' \"1500\"\nprintf 'CPU_VCPU=%s\\n' \"2\"\nprintf 'MEMORY_MB=%s\\n' \"1962\"\nprintf 'ROOT_FREE_KB=%s\\n' \"${root_free_kb}\"\nprintf 'ROOT_FREE_INODES=%s\\n' \"${root_free_inodes}\"\nprintf 'IPV4_FORWARDING=%s\\n' \"${ipv4_forward}\"\nprintf 'SWAP=%s\\n' \"$([[ -z \"${active_swap}\" ]] && printf DISABLED || printf ACTIVE)\"\nprintf 'NTP_SYNCHRONIZED=%s\\n' \"${ntp_state}\"\nprintf 'CLOUD_INIT=%s\\n' \"${cloud_init_state}\"\nprintf 'UFW=%s\\n' \"${ufw_state}\"\nprintf 'FIREWALLD=%s\\n' \"${firewalld_state}\"\nprintf 'PROXY_ENVIRONMENT=%s\\n' \"${proxy_environment}\"\nprintf 'CONTAINERD_SERVICE=%s\\n' \"${containerd_state:-NOT_INSTALLED}\"\nprintf 'CONTAINERD_PACKAGE=%s\\n' \"${containerd_package:-NOT_INSTALLED}\"\n\nif [[ -v 'warnings[0]' ]]\nthen\n    printf 'WARNINGS=%s\\n' \"${warnings[*]}\"\nelse\n    printf 'WARNINGS=NONE\\n'\nfi\n\nif [[ -v 'errors[0]' ]]\nthen\n    printf 'HOST_AUDIT_ERRORS=%s\\n' \"${errors[*]}\" >&2\n    exit 50\nfi\n\nprintf 'HOST_AUDIT_RESULT=SUCCESS\\n'\n", "delta": "0:00:06.974760", "end": "2026-08-08 04:16:00.404841", "msg": "non-zero return code", "rc": 50, "start": "2026-08-08 04:15:53.430081", "stderr": "Ign:1 https://mirror.yandex.ru/ubuntu jammy InRelease\nIgn:2 https://mirror.yandex.ru/ubuntu jammy-updates InRelease\nIgn:3 https://mirror.yandex.ru/ubuntu jammy-backports InRelease\nIgn:4 https://mirror.yandex.ru/ubuntu jammy-security InRelease\nErr:5 https://mirror.yandex.ru/ubuntu jammy Release\n  Unsupported proxy configured: socks5://172.16.2.254:1080\nErr:6 https://mirror.yandex.ru/ubuntu jammy-updates Release\n  Unsupported proxy configured: socks5://172.16.2.254:1080\nErr:7 https://mirror.yandex.ru/ubuntu jammy-backports Release\n  Unsupported proxy configured: socks5://172.16.2.254:1080\nErr:8 https://mirror.yandex.ru/ubuntu jammy-security Release\n  Unsupported proxy configured: socks5://172.16.2.254:1080\nReading package lists...\nE: The repository 'https://mirror.yandex.ru/ubuntu jammy Release' does not have a Release file.\nE: The repository 'https://mirror.yandex.ru/ubuntu jammy-updates Release' does not have a Release file.\nE: The repository 'https://mirror.yandex.ru/ubuntu jammy-backports Release' does not have a Release file.\nE: The repository 'https://mirror.yandex.ru/ubuntu jammy-security Release' does not have a Release file.\nHOST_AUDIT_ERRORS=STALE_DIRECTORY__etc_kubernetes APT_SIGNED_METADATA_CHECK_FAILED APT_PACKAGE_RESOLUTION_FAILED", "stderr_lines": ["Ign:1 https://mirror.yandex.ru/ubuntu jammy InRelease", "Ign:2 https://mirror.yandex.ru/ubuntu jammy-updates InRelease", "Ign:3 https://mirror.yandex.ru/ubuntu jammy-backports InRelease", "Ign:4 https://mirror.yandex.ru/ubuntu jammy-security InRelease", "Err:5 https://mirror.yandex.ru/ubuntu jammy Release", "  Unsupported proxy configured: socks5://172.16.2.254:1080", "Err:6 https://mirror.yandex.ru/ubuntu jammy-updates Release", "  Unsupported proxy configured: socks5://172.16.2.254:1080", "Err:7 https://mirror.yandex.ru/ubuntu jammy-backports Release", "  Unsupported proxy configured: socks5://172.16.2.254:1080", "Err:8 https://mirror.yandex.ru/ubuntu jammy-security Release", "  Unsupported proxy configured: socks5://172.16.2.254:1080", "Reading package lists...", "E: The repository 'https://mirror.yandex.ru/ubuntu jammy Release' does not have a Release file.", "E: The repository 'https://mirror.yandex.ru/ubuntu jammy-updates Release' does not have a Release file.", "E: The repository 'https://mirror.yandex.ru/ubuntu jammy-backports Release' does not have a Release file.", "E: The repository 'https://mirror.yandex.ru/ubuntu jammy-security Release' does not have a Release file.", "HOST_AUDIT_ERRORS=STALE_DIRECTORY__etc_kubernetes APT_SIGNED_METADATA_CHECK_FAILED APT_PACKAGE_RESOLUTION_FAILED"], "stdout": "HOST=k8s-worker-ru-central1-d\nPRIMARY_IPV4=172.16.3.21\nPRIMARY_INTERFACE=eth0\nPRIMARY_MTU=1500\nCPU_VCPU=2\nMEMORY_MB=1962\nROOT_FREE_KB=17830672\nROOT_FREE_INODES=2412161\nIPV4_FORWARDING=1\nSWAP=DISABLED\nNTP_SYNCHRONIZED=yes\nCLOUD_INIT=done\nUFW=Status: inactive\nFIREWALLD=NOT_INSTALLED\nPROXY_ENVIRONMENT=NOT_SET\nCONTAINERD_SERVICE=inactive\nCONTAINERD_PACKAGE=NOT_INSTALLED\nWARNINGS=NONE", "stdout_lines": ["HOST=k8s-worker-ru-central1-d", "PRIMARY_IPV4=172.16.3.21", "PRIMARY_INTERFACE=eth0", "PRIMARY_MTU=1500", "CPU_VCPU=2", "MEMORY_MB=1962", "ROOT_FREE_KB=17830672", "ROOT_FREE_INODES=2412161", "IPV4_FORWARDING=1", "SWAP=DISABLED", "NTP_SYNCHRONIZED=yes", "CLOUD_INIT=done", "UFW=Status: inactive", "FIREWALLD=NOT_INSTALLED", "PROXY_ENVIRONMENT=NOT_SET", "CONTAINERD_SERVICE=inactive", "CONTAINERD_PACKAGE=NOT_INSTALLED", "WARNINGS=NONE"]}
fatal: [k8s-master-ru-central1-d]: FAILED! => {"changed": false, "cmd": "set -Eeuo pipefail\nexport LANG=C.UTF-8\nexport LC_ALL=C.UTF-8\n\nerrors=()\nwarnings=()\n\nadd_error()\n{\n    errors+=(\"$1\")\n}\n\nadd_warning()\n{\n    warnings+=(\"$1\")\n}\n\nroot_free_kb=\"$(df -Pk / | awk 'NR == 2 { print $4 }')\"\nroot_free_inodes=\"$(df -Pi / | awk 'NR == 2 { print $4 }')\"\nroot_inode_use=\"$(df -Pi / | awk 'NR == 2 { gsub(/%/, \"\", $5); print $5 }')\"\n\n(( root_free_kb >= 10485760 )) || add_error \"ROOT_FREE_SPACE_LT_10_GIB\"\n(( root_free_inodes >= 100000 )) || add_error \"ROOT_FREE_INODES_LT_100000\"\n(( root_inode_use < 90 )) || add_error \"ROOT_INODE_USAGE_GE_90_PERCENT\"\n\nactive_swap=\"$(swapon --noheadings --show=NAME 2>/dev/null || true)\"\n[[ -z \"${active_swap}\" ]] || add_error \"SWAP_ACTIVE\"\n\nipv4_forward=\"$(sysctl -n net.ipv4.ip_forward 2>/dev/null || true)\"\n[[ \"${ipv4_forward}\" == \"1\" ]] || add_error \"IPV4_FORWARDING_DISABLED\"\n\nntp_state=\"$(timedatectl show --property=NTPSynchronized --value 2>/dev/null || true)\"\n[[ \"${ntp_state}\" == \"yes\" ]] || add_error \"TIME_NOT_SYNCHRONIZED\"\n\nif command -v cloud-init >/dev/null 2>&1\nthen\n    cloud_init_state=\"$(cloud-init status 2>/dev/null | awk '{ print $2; exit }')\"\n    [[ \"${cloud_init_state}\" == \"done\" ]] || add_error \"CLOUD_INIT_NOT_DONE\"\nelse\n    cloud_init_state=\"NOT_INSTALLED\"\nfi\n\n[[ ! -e /var/run/reboot-required ]] || add_error \"REBOOT_REQUIRED\"\n\ndpkg_audit=\"$(dpkg --audit 2>&1 || true)\"\n[[ -z \"${dpkg_audit}\" ]] || add_error \"DPKG_AUDIT_NOT_CLEAN\"\n\nif command -v ufw >/dev/null 2>&1\nthen\n    ufw_state=\"$(ufw status 2>/dev/null | head -n 1 || true)\"\n    grep -Fqi 'inactive' <<< \"${ufw_state}\" || add_error \"UFW_ACTIVE\"\nelse\n    ufw_state=\"NOT_INSTALLED\"\nfi\n\nif systemctl list-unit-files firewalld.service >/dev/null 2>&1\nthen\n    firewalld_state=\"$(systemctl is-active firewalld 2>/dev/null || true)\"\n    [[ \"${firewalld_state}\" != \"active\" ]] || add_error \"FIREWALLD_ACTIVE\"\nelse\n    firewalld_state=\"NOT_INSTALLED\"\nfi\n\nif command -v iptables-save >/dev/null 2>&1\nthen\n    filter_policies=\"$(iptables-save -t filter 2>/dev/null | awk '$1 ~ /^:/ { print $1, $2 }')\"\n    grep -Eq '^:INPUT DROP$|^:FORWARD DROP$' <<< \"${filter_policies}\" &&\n        add_error \"IPTABLES_DEFAULT_DROP_POLICY\" || true\n\n    if iptables-save 2>/dev/null | grep -Eq '(^|[[:space:]])(KUBE-|cali-|CNI-|FLANNEL)'\n    then\n        add_error \"KUBERNETES_OR_CNI_IPTABLES_RESIDUE\"\n    fi\nfi\n\nfor module in overlay br_netfilter nf_conntrack ip_vs ip_vs_rr ip_vs_wrr ip_vs_sh\ndo\n    modinfo \"${module}\" >/dev/null 2>&1 || add_error \"KERNEL_MODULE_UNAVAILABLE_${module}\"\ndone\n\nfor service in kubelet etcd\ndo\n    if systemctl is-active --quiet \"${service}\" 2>/dev/null ||\n       systemctl is-enabled --quiet \"${service}\" 2>/dev/null\n    then\n        add_error \"STALE_SERVICE_${service}\"\n    fi\ndone\n\nfor package_name in kubeadm kubelet kubectl kubernetes-cni\ndo\n    package_state=\"$(dpkg-query -W -f='${db:Status-Abbrev}' \"${package_name}\" 2>/dev/null || true)\"\n    [[ \"${package_state}\" != \"ii \" ]] || add_error \"STALE_PACKAGE_${package_name}\"\ndone\n\nfor binary in kubeadm kubelet kubectl\ndo\n    command -v \"${binary}\" >/dev/null 2>&1 && add_error \"STALE_BINARY_${binary}\" || true\ndone\n\nfor directory in    /etc/kubernetes    /var/lib/kubelet    /var/lib/etcd    /etc/cni/net.d    /var/lib/cni    /opt/cni/bin\ndo\n    if [[ -d \"${directory}\" ]] &&\n       find \"${directory}\" -mindepth 1 -print -quit 2>/dev/null | grep -q .\n    then\n        add_error \"STALE_DIRECTORY_${directory//\\//_}\"\n    fi\ndone\n\nif ip -o link show 2>/dev/null |\n    grep -Eq '^[0-9]+: (cni0|flannel\\.|cali|tunl0|vxlan\\.calico|kube-ipvs0)'\nthen\n    add_error \"STALE_KUBERNETES_NETWORK_INTERFACE\"\nfi\n\nif ip -4 route show 2>/dev/null |\n    grep -Eq '(^|[[:space:]])10\\.233\\.(0|[1-9]|[1-9][0-9]|1[01][0-9]|12[0-7])\\.'\nthen\n    add_error \"STALE_KUBERNETES_ROUTE\"\nfi\n\nrole_ports=(10250)\nif [[ \"k8s-master-ru-central1-d\" == k8s-master-* ]]\nthen\n    role_ports+=(2379 2380 6443 10257 10259)\nelse\n    role_ports+=(10256)\nfi\n\nlistening_sockets=\"$(ss -H -lntup 2>/dev/null || true)\"\nfor port in \"${role_ports[@]}\"\ndo\n    if awk -v port=\":${port}\" '$5 ~ port \"$\" { found=1 } END { exit(found ? 0 : 1) }'        <<< \"${listening_sockets}\"\n    then\n        add_error \"REQUIRED_PORT_ALREADY_IN_USE_${port}\"\n    fi\ndone\n\ndefault_route_count=\"$(ip -4 route show default | awk 'END { print NR + 0 }')\"\n(( default_route_count >= 1 )) || add_error \"DEFAULT_ROUTE_MISSING\"\n\nroute_overlap=\"$({\n    ip -4 route show |\n        awk '$1 != \"default\" && $1 ~ /^[0-9]+\\./ { print $1 }' |\n        python3 -c '\nimport ipaddress\nimport sys\n\nservice = ipaddress.ip_network(\"10.233.0.0/18\")\npods = ipaddress.ip_network(\"10.233.64.0/18\")\n\nfor text in sys.stdin:\n    text = text.strip()\n    if not text:\n        continue\n    try:\n        route = ipaddress.ip_network(text, strict=False)\n    except ValueError:\n        continue\n    if route.overlaps(service) or route.overlaps(pods):\n        print(route)\n' || true\n})\"\n[[ -z \"${route_overlap}\" ]] || add_error \"POD_OR_SERVICE_NETWORK_ROUTE_OVERLAP\"\n\nfor peer_ip in    172.16.1.10 172.16.2.10 172.16.3.10    172.16.1.21 172.16.2.21 172.16.3.21\ndo\n    timeout 5 bash -c \"exec 3<>/dev/tcp/${peer_ip}/22\" 2>/dev/null ||\n        add_error \"PEER_SSH_UNREACHABLE_${peer_ip}\"\ndone\n\nfor dns_name in    mirror.yandex.ru    dl.k8s.io    registry.k8s.io    quay.io    registry-1.docker.io    github.com    ghcr.io\ndo\n    getent ahostsv4 \"${dns_name}\" >/dev/null 2>&1 ||\n        add_error \"DNS_RESOLUTION_FAILED_${dns_name}\"\ndone\n\napt_temp=\"$(mktemp -d /tmp/kubespray-apt-preflight.XXXXXX)\"\ncleanup_apt_temp()\n{\n    rm -rf -- \"${apt_temp}\"\n}\ntrap cleanup_apt_temp EXIT\n\nmkdir -p --    \"${apt_temp}/lists/partial\"    \"${apt_temp}/cache/archives/partial\"\nchmod 755 -- \"${apt_temp}\" \"${apt_temp}/lists\" \"${apt_temp}/lists/partial\"\n\napt_options=(\n    -o \"Dir::State::lists=${apt_temp}/lists\"\n    -o \"Dir::Cache=${apt_temp}/cache\"\n    -o Acquire::Retries=2\n    -o Acquire::http::Timeout=30\n    -o Acquire::https::Timeout=30\n    -o APT::Get::List-Cleanup=0\n)\n\nif ! apt-get \"${apt_options[@]}\" update >/tmp/kubespray-apt-preflight-output.$$ 2>&1\nthen\n    sed -E        -e 's#(https?://)[^/@[:space:]]+:[^/@[:space:]]+@#\\1***:***@#g'        -e 's#([Aa]uthorization:).*#\\1 ***#g'        /tmp/kubespray-apt-preflight-output.$$ >&2 || true\n    rm -f -- /tmp/kubespray-apt-preflight-output.$$\n    add_error \"APT_SIGNED_METADATA_CHECK_FAILED\"\nelse\n    rm -f -- /tmp/kubespray-apt-preflight-output.$$\nfi\n\nrequired_packages=(\n    ca-certificates conntrack curl ebtables ethtool iproute2 ipset\n    iptables ipvsadm kmod libseccomp2 openssl python3 python3-apt\n    rsync socat sudo tar util-linux\n)\n\nif ! apt-get \"${apt_options[@]}\" --simulate install \"${required_packages[@]}\"    >/dev/null 2>&1\nthen\n    add_error \"APT_PACKAGE_RESOLUTION_FAILED\"\nfi\n\ncheck_http()\n{\n    local name=\"$1\"\n    local url=\"$2\"\n    local accepted=\"$3\"\n    local code=\"\"\n\n    code=\"$(\n        curl \\\n            --location \\\n            --silent \\\n            --show-error \\\n            --output /dev/null \\\n            --connect-timeout 15 \\\n            --max-time 45 \\\n            --write-out '%{http_code}' \\\n            \"${url}\" || true\n    )\"\n\n    grep -Eq \"^(${accepted})$\" <<< \"${code}\" ||\n        add_error \"HTTPS_ENDPOINT_FAILED_${name}_${code:-NO_CODE}\"\n}\n\ncheck_http \"APT_INRELEASE\"    \"https://mirror.yandex.ru/ubuntu/dists/jammy/InRelease\" \"200\"\ncheck_http \"KUBEADM_BINARY\"    \"https://dl.k8s.io/release/v1.30.4/bin/linux/amd64/kubeadm\" \"200\"\ncheck_http \"KUBERNETES_REGISTRY\"    \"https://registry.k8s.io/v2/\" \"200|401|404\"\ncheck_http \"QUAY_REGISTRY\"    \"https://quay.io/v2/\" \"200|401\"\ncheck_http \"DOCKER_REGISTRY\"    \"https://registry-1.docker.io/v2/\" \"200|401\"\ncheck_http \"GHCR_REGISTRY\"    \"https://ghcr.io/v2/\" \"200|401\"\ncheck_http \"GITHUB\" \"https://github.com/\" \"200\"\n\nproxy_environment=\"NOT_SET\"\nif env | awk -F= 'tolower($1) ~ /^(http|https|all|no)_proxy$/ { found=1 } END { exit(found ? 0 : 1) }'\nthen\n    proxy_environment=\"PRESENT\"\nfi\n\ncontainerd_state=\"$(systemctl is-active containerd 2>/dev/null || true)\"\ncontainerd_package=\"$(dpkg-query -W -f='${db:Status-Abbrev}' containerd.io 2>/dev/null || true)\"\n\nprintf 'HOST=%s\\n' \"k8s-master-ru-central1-d\"\nprintf 'PRIMARY_IPV4=%s\\n' \"172.16.3.10\"\nprintf 'PRIMARY_INTERFACE=%s\\n' \"eth0\"\nprintf 'PRIMARY_MTU=%s\\n' \"1500\"\nprintf 'CPU_VCPU=%s\\n' \"2\"\nprintf 'MEMORY_MB=%s\\n' \"3910\"\nprintf 'ROOT_FREE_KB=%s\\n' \"${root_free_kb}\"\nprintf 'ROOT_FREE_INODES=%s\\n' \"${root_free_inodes}\"\nprintf 'IPV4_FORWARDING=%s\\n' \"${ipv4_forward}\"\nprintf 'SWAP=%s\\n' \"$([[ -z \"${active_swap}\" ]] && printf DISABLED || printf ACTIVE)\"\nprintf 'NTP_SYNCHRONIZED=%s\\n' \"${ntp_state}\"\nprintf 'CLOUD_INIT=%s\\n' \"${cloud_init_state}\"\nprintf 'UFW=%s\\n' \"${ufw_state}\"\nprintf 'FIREWALLD=%s\\n' \"${firewalld_state}\"\nprintf 'PROXY_ENVIRONMENT=%s\\n' \"${proxy_environment}\"\nprintf 'CONTAINERD_SERVICE=%s\\n' \"${containerd_state:-NOT_INSTALLED}\"\nprintf 'CONTAINERD_PACKAGE=%s\\n' \"${containerd_package:-NOT_INSTALLED}\"\n\nif [[ -v 'warnings[0]' ]]\nthen\n    printf 'WARNINGS=%s\\n' \"${warnings[*]}\"\nelse\n    printf 'WARNINGS=NONE\\n'\nfi\n\nif [[ -v 'errors[0]' ]]\nthen\n    printf 'HOST_AUDIT_ERRORS=%s\\n' \"${errors[*]}\" >&2\n    exit 50\nfi\n\nprintf 'HOST_AUDIT_RESULT=SUCCESS\\n'\n", "delta": "0:00:21.978873", "end": "2026-08-08 04:16:03.981979", "msg": "non-zero return code", "rc": 50, "start": "2026-08-08 04:15:42.003106", "stderr": "Ign:1 https://mirror.yandex.ru/ubuntu jammy InRelease\nIgn:2 https://mirror.yandex.ru/ubuntu jammy-updates InRelease\nIgn:3 https://mirror.yandex.ru/ubuntu jammy-backports InRelease\nIgn:4 https://mirror.yandex.ru/ubuntu jammy-security InRelease\nErr:5 https://mirror.yandex.ru/ubuntu jammy Release\n  Unsupported proxy configured: socks5://172.16.2.254:1080\nErr:6 https://mirror.yandex.ru/ubuntu jammy-updates Release\n  Unsupported proxy configured: socks5://172.16.2.254:1080\nErr:7 https://mirror.yandex.ru/ubuntu jammy-backports Release\n  Unsupported proxy configured: socks5://172.16.2.254:1080\nErr:8 https://mirror.yandex.ru/ubuntu jammy-security Release\n  Unsupported proxy configured: socks5://172.16.2.254:1080\nReading package lists...\nE: The repository 'https://mirror.yandex.ru/ubuntu jammy Release' does not have a Release file.\nE: The repository 'https://mirror.yandex.ru/ubuntu jammy-updates Release' does not have a Release file.\nE: The repository 'https://mirror.yandex.ru/ubuntu jammy-backports Release' does not have a Release file.\nE: The repository 'https://mirror.yandex.ru/ubuntu jammy-security Release' does not have a Release file.\nHOST_AUDIT_ERRORS=STALE_DIRECTORY__etc_kubernetes APT_SIGNED_METADATA_CHECK_FAILED APT_PACKAGE_RESOLUTION_FAILED", "stderr_lines": ["Ign:1 https://mirror.yandex.ru/ubuntu jammy InRelease", "Ign:2 https://mirror.yandex.ru/ubuntu jammy-updates InRelease", "Ign:3 https://mirror.yandex.ru/ubuntu jammy-backports InRelease", "Ign:4 https://mirror.yandex.ru/ubuntu jammy-security InRelease", "Err:5 https://mirror.yandex.ru/ubuntu jammy Release", "  Unsupported proxy configured: socks5://172.16.2.254:1080", "Err:6 https://mirror.yandex.ru/ubuntu jammy-updates Release", "  Unsupported proxy configured: socks5://172.16.2.254:1080", "Err:7 https://mirror.yandex.ru/ubuntu jammy-backports Release", "  Unsupported proxy configured: socks5://172.16.2.254:1080", "Err:8 https://mirror.yandex.ru/ubuntu jammy-security Release", "  Unsupported proxy configured: socks5://172.16.2.254:1080", "Reading package lists...", "E: The repository 'https://mirror.yandex.ru/ubuntu jammy Release' does not have a Release file.", "E: The repository 'https://mirror.yandex.ru/ubuntu jammy-updates Release' does not have a Release file.", "E: The repository 'https://mirror.yandex.ru/ubuntu jammy-backports Release' does not have a Release file.", "E: The repository 'https://mirror.yandex.ru/ubuntu jammy-security Release' does not have a Release file.", "HOST_AUDIT_ERRORS=STALE_DIRECTORY__etc_kubernetes APT_SIGNED_METADATA_CHECK_FAILED APT_PACKAGE_RESOLUTION_FAILED"], "stdout": "HOST=k8s-master-ru-central1-d\nPRIMARY_IPV4=172.16.3.10\nPRIMARY_INTERFACE=eth0\nPRIMARY_MTU=1500\nCPU_VCPU=2\nMEMORY_MB=3910\nROOT_FREE_KB=27993564\nROOT_FREE_INODES=3702400\nIPV4_FORWARDING=1\nSWAP=DISABLED\nNTP_SYNCHRONIZED=yes\nCLOUD_INIT=done\nUFW=Status: inactive\nFIREWALLD=NOT_INSTALLED\nPROXY_ENVIRONMENT=NOT_SET\nCONTAINERD_SERVICE=inactive\nCONTAINERD_PACKAGE=NOT_INSTALLED\nWARNINGS=NONE", "stdout_lines": ["HOST=k8s-master-ru-central1-d", "PRIMARY_IPV4=172.16.3.10", "PRIMARY_INTERFACE=eth0", "PRIMARY_MTU=1500", "CPU_VCPU=2", "MEMORY_MB=3910", "ROOT_FREE_KB=27993564", "ROOT_FREE_INODES=3702400", "IPV4_FORWARDING=1", "SWAP=DISABLED", "NTP_SYNCHRONIZED=yes", "CLOUD_INIT=done", "UFW=Status: inactive", "FIREWALLD=NOT_INSTALLED", "PROXY_ENVIRONMENT=NOT_SET", "CONTAINERD_SERVICE=inactive", "CONTAINERD_PACKAGE=NOT_INSTALLED", "WARNINGS=NONE"]}
fatal: [k8s-worker-ru-central1-a]: FAILED! => {"changed": false, "cmd": "set -Eeuo pipefail\nexport LANG=C.UTF-8\nexport LC_ALL=C.UTF-8\n\nerrors=()\nwarnings=()\n\nadd_error()\n{\n    errors+=(\"$1\")\n}\n\nadd_warning()\n{\n    warnings+=(\"$1\")\n}\n\nroot_free_kb=\"$(df -Pk / | awk 'NR == 2 { print $4 }')\"\nroot_free_inodes=\"$(df -Pi / | awk 'NR == 2 { print $4 }')\"\nroot_inode_use=\"$(df -Pi / | awk 'NR == 2 { gsub(/%/, \"\", $5); print $5 }')\"\n\n(( root_free_kb >= 10485760 )) || add_error \"ROOT_FREE_SPACE_LT_10_GIB\"\n(( root_free_inodes >= 100000 )) || add_error \"ROOT_FREE_INODES_LT_100000\"\n(( root_inode_use < 90 )) || add_error \"ROOT_INODE_USAGE_GE_90_PERCENT\"\n\nactive_swap=\"$(swapon --noheadings --show=NAME 2>/dev/null || true)\"\n[[ -z \"${active_swap}\" ]] || add_error \"SWAP_ACTIVE\"\n\nipv4_forward=\"$(sysctl -n net.ipv4.ip_forward 2>/dev/null || true)\"\n[[ \"${ipv4_forward}\" == \"1\" ]] || add_error \"IPV4_FORWARDING_DISABLED\"\n\nntp_state=\"$(timedatectl show --property=NTPSynchronized --value 2>/dev/null || true)\"\n[[ \"${ntp_state}\" == \"yes\" ]] || add_error \"TIME_NOT_SYNCHRONIZED\"\n\nif command -v cloud-init >/dev/null 2>&1\nthen\n    cloud_init_state=\"$(cloud-init status 2>/dev/null | awk '{ print $2; exit }')\"\n    [[ \"${cloud_init_state}\" == \"done\" ]] || add_error \"CLOUD_INIT_NOT_DONE\"\nelse\n    cloud_init_state=\"NOT_INSTALLED\"\nfi\n\n[[ ! -e /var/run/reboot-required ]] || add_error \"REBOOT_REQUIRED\"\n\ndpkg_audit=\"$(dpkg --audit 2>&1 || true)\"\n[[ -z \"${dpkg_audit}\" ]] || add_error \"DPKG_AUDIT_NOT_CLEAN\"\n\nif command -v ufw >/dev/null 2>&1\nthen\n    ufw_state=\"$(ufw status 2>/dev/null | head -n 1 || true)\"\n    grep -Fqi 'inactive' <<< \"${ufw_state}\" || add_error \"UFW_ACTIVE\"\nelse\n    ufw_state=\"NOT_INSTALLED\"\nfi\n\nif systemctl list-unit-files firewalld.service >/dev/null 2>&1\nthen\n    firewalld_state=\"$(systemctl is-active firewalld 2>/dev/null || true)\"\n    [[ \"${firewalld_state}\" != \"active\" ]] || add_error \"FIREWALLD_ACTIVE\"\nelse\n    firewalld_state=\"NOT_INSTALLED\"\nfi\n\nif command -v iptables-save >/dev/null 2>&1\nthen\n    filter_policies=\"$(iptables-save -t filter 2>/dev/null | awk '$1 ~ /^:/ { print $1, $2 }')\"\n    grep -Eq '^:INPUT DROP$|^:FORWARD DROP$' <<< \"${filter_policies}\" &&\n        add_error \"IPTABLES_DEFAULT_DROP_POLICY\" || true\n\n    if iptables-save 2>/dev/null | grep -Eq '(^|[[:space:]])(KUBE-|cali-|CNI-|FLANNEL)'\n    then\n        add_error \"KUBERNETES_OR_CNI_IPTABLES_RESIDUE\"\n    fi\nfi\n\nfor module in overlay br_netfilter nf_conntrack ip_vs ip_vs_rr ip_vs_wrr ip_vs_sh\ndo\n    modinfo \"${module}\" >/dev/null 2>&1 || add_error \"KERNEL_MODULE_UNAVAILABLE_${module}\"\ndone\n\nfor service in kubelet etcd\ndo\n    if systemctl is-active --quiet \"${service}\" 2>/dev/null ||\n       systemctl is-enabled --quiet \"${service}\" 2>/dev/null\n    then\n        add_error \"STALE_SERVICE_${service}\"\n    fi\ndone\n\nfor package_name in kubeadm kubelet kubectl kubernetes-cni\ndo\n    package_state=\"$(dpkg-query -W -f='${db:Status-Abbrev}' \"${package_name}\" 2>/dev/null || true)\"\n    [[ \"${package_state}\" != \"ii \" ]] || add_error \"STALE_PACKAGE_${package_name}\"\ndone\n\nfor binary in kubeadm kubelet kubectl\ndo\n    command -v \"${binary}\" >/dev/null 2>&1 && add_error \"STALE_BINARY_${binary}\" || true\ndone\n\nfor directory in    /etc/kubernetes    /var/lib/kubelet    /var/lib/etcd    /etc/cni/net.d    /var/lib/cni    /opt/cni/bin\ndo\n    if [[ -d \"${directory}\" ]] &&\n       find \"${directory}\" -mindepth 1 -print -quit 2>/dev/null | grep -q .\n    then\n        add_error \"STALE_DIRECTORY_${directory//\\//_}\"\n    fi\ndone\n\nif ip -o link show 2>/dev/null |\n    grep -Eq '^[0-9]+: (cni0|flannel\\.|cali|tunl0|vxlan\\.calico|kube-ipvs0)'\nthen\n    add_error \"STALE_KUBERNETES_NETWORK_INTERFACE\"\nfi\n\nif ip -4 route show 2>/dev/null |\n    grep -Eq '(^|[[:space:]])10\\.233\\.(0|[1-9]|[1-9][0-9]|1[01][0-9]|12[0-7])\\.'\nthen\n    add_error \"STALE_KUBERNETES_ROUTE\"\nfi\n\nrole_ports=(10250)\nif [[ \"k8s-worker-ru-central1-a\" == k8s-master-* ]]\nthen\n    role_ports+=(2379 2380 6443 10257 10259)\nelse\n    role_ports+=(10256)\nfi\n\nlistening_sockets=\"$(ss -H -lntup 2>/dev/null || true)\"\nfor port in \"${role_ports[@]}\"\ndo\n    if awk -v port=\":${port}\" '$5 ~ port \"$\" { found=1 } END { exit(found ? 0 : 1) }'        <<< \"${listening_sockets}\"\n    then\n        add_error \"REQUIRED_PORT_ALREADY_IN_USE_${port}\"\n    fi\ndone\n\ndefault_route_count=\"$(ip -4 route show default | awk 'END { print NR + 0 }')\"\n(( default_route_count >= 1 )) || add_error \"DEFAULT_ROUTE_MISSING\"\n\nroute_overlap=\"$({\n    ip -4 route show |\n        awk '$1 != \"default\" && $1 ~ /^[0-9]+\\./ { print $1 }' |\n        python3 -c '\nimport ipaddress\nimport sys\n\nservice = ipaddress.ip_network(\"10.233.0.0/18\")\npods = ipaddress.ip_network(\"10.233.64.0/18\")\n\nfor text in sys.stdin:\n    text = text.strip()\n    if not text:\n        continue\n    try:\n        route = ipaddress.ip_network(text, strict=False)\n    except ValueError:\n        continue\n    if route.overlaps(service) or route.overlaps(pods):\n        print(route)\n' || true\n})\"\n[[ -z \"${route_overlap}\" ]] || add_error \"POD_OR_SERVICE_NETWORK_ROUTE_OVERLAP\"\n\nfor peer_ip in    172.16.1.10 172.16.2.10 172.16.3.10    172.16.1.21 172.16.2.21 172.16.3.21\ndo\n    timeout 5 bash -c \"exec 3<>/dev/tcp/${peer_ip}/22\" 2>/dev/null ||\n        add_error \"PEER_SSH_UNREACHABLE_${peer_ip}\"\ndone\n\nfor dns_name in    mirror.yandex.ru    dl.k8s.io    registry.k8s.io    quay.io    registry-1.docker.io    github.com    ghcr.io\ndo\n    getent ahostsv4 \"${dns_name}\" >/dev/null 2>&1 ||\n        add_error \"DNS_RESOLUTION_FAILED_${dns_name}\"\ndone\n\napt_temp=\"$(mktemp -d /tmp/kubespray-apt-preflight.XXXXXX)\"\ncleanup_apt_temp()\n{\n    rm -rf -- \"${apt_temp}\"\n}\ntrap cleanup_apt_temp EXIT\n\nmkdir -p --    \"${apt_temp}/lists/partial\"    \"${apt_temp}/cache/archives/partial\"\nchmod 755 -- \"${apt_temp}\" \"${apt_temp}/lists\" \"${apt_temp}/lists/partial\"\n\napt_options=(\n    -o \"Dir::State::lists=${apt_temp}/lists\"\n    -o \"Dir::Cache=${apt_temp}/cache\"\n    -o Acquire::Retries=2\n    -o Acquire::http::Timeout=30\n    -o Acquire::https::Timeout=30\n    -o APT::Get::List-Cleanup=0\n)\n\nif ! apt-get \"${apt_options[@]}\" update >/tmp/kubespray-apt-preflight-output.$$ 2>&1\nthen\n    sed -E        -e 's#(https?://)[^/@[:space:]]+:[^/@[:space:]]+@#\\1***:***@#g'        -e 's#([Aa]uthorization:).*#\\1 ***#g'        /tmp/kubespray-apt-preflight-output.$$ >&2 || true\n    rm -f -- /tmp/kubespray-apt-preflight-output.$$\n    add_error \"APT_SIGNED_METADATA_CHECK_FAILED\"\nelse\n    rm -f -- /tmp/kubespray-apt-preflight-output.$$\nfi\n\nrequired_packages=(\n    ca-certificates conntrack curl ebtables ethtool iproute2 ipset\n    iptables ipvsadm kmod libseccomp2 openssl python3 python3-apt\n    rsync socat sudo tar util-linux\n)\n\nif ! apt-get \"${apt_options[@]}\" --simulate install \"${required_packages[@]}\"    >/dev/null 2>&1\nthen\n    add_error \"APT_PACKAGE_RESOLUTION_FAILED\"\nfi\n\ncheck_http()\n{\n    local name=\"$1\"\n    local url=\"$2\"\n    local accepted=\"$3\"\n    local code=\"\"\n\n    code=\"$(\n        curl \\\n            --location \\\n            --silent \\\n            --show-error \\\n            --output /dev/null \\\n            --connect-timeout 15 \\\n            --max-time 45 \\\n            --write-out '%{http_code}' \\\n            \"${url}\" || true\n    )\"\n\n    grep -Eq \"^(${accepted})$\" <<< \"${code}\" ||\n        add_error \"HTTPS_ENDPOINT_FAILED_${name}_${code:-NO_CODE}\"\n}\n\ncheck_http \"APT_INRELEASE\"    \"https://mirror.yandex.ru/ubuntu/dists/jammy/InRelease\" \"200\"\ncheck_http \"KUBEADM_BINARY\"    \"https://dl.k8s.io/release/v1.30.4/bin/linux/amd64/kubeadm\" \"200\"\ncheck_http \"KUBERNETES_REGISTRY\"    \"https://registry.k8s.io/v2/\" \"200|401|404\"\ncheck_http \"QUAY_REGISTRY\"    \"https://quay.io/v2/\" \"200|401\"\ncheck_http \"DOCKER_REGISTRY\"    \"https://registry-1.docker.io/v2/\" \"200|401\"\ncheck_http \"GHCR_REGISTRY\"    \"https://ghcr.io/v2/\" \"200|401\"\ncheck_http \"GITHUB\" \"https://github.com/\" \"200\"\n\nproxy_environment=\"NOT_SET\"\nif env | awk -F= 'tolower($1) ~ /^(http|https|all|no)_proxy$/ { found=1 } END { exit(found ? 0 : 1) }'\nthen\n    proxy_environment=\"PRESENT\"\nfi\n\ncontainerd_state=\"$(systemctl is-active containerd 2>/dev/null || true)\"\ncontainerd_package=\"$(dpkg-query -W -f='${db:Status-Abbrev}' containerd.io 2>/dev/null || true)\"\n\nprintf 'HOST=%s\\n' \"k8s-worker-ru-central1-a\"\nprintf 'PRIMARY_IPV4=%s\\n' \"172.16.1.21\"\nprintf 'PRIMARY_INTERFACE=%s\\n' \"eth0\"\nprintf 'PRIMARY_MTU=%s\\n' \"1500\"\nprintf 'CPU_VCPU=%s\\n' \"2\"\nprintf 'MEMORY_MB=%s\\n' \"1962\"\nprintf 'ROOT_FREE_KB=%s\\n' \"${root_free_kb}\"\nprintf 'ROOT_FREE_INODES=%s\\n' \"${root_free_inodes}\"\nprintf 'IPV4_FORWARDING=%s\\n' \"${ipv4_forward}\"\nprintf 'SWAP=%s\\n' \"$([[ -z \"${active_swap}\" ]] && printf DISABLED || printf ACTIVE)\"\nprintf 'NTP_SYNCHRONIZED=%s\\n' \"${ntp_state}\"\nprintf 'CLOUD_INIT=%s\\n' \"${cloud_init_state}\"\nprintf 'UFW=%s\\n' \"${ufw_state}\"\nprintf 'FIREWALLD=%s\\n' \"${firewalld_state}\"\nprintf 'PROXY_ENVIRONMENT=%s\\n' \"${proxy_environment}\"\nprintf 'CONTAINERD_SERVICE=%s\\n' \"${containerd_state:-NOT_INSTALLED}\"\nprintf 'CONTAINERD_PACKAGE=%s\\n' \"${containerd_package:-NOT_INSTALLED}\"\n\nif [[ -v 'warnings[0]' ]]\nthen\n    printf 'WARNINGS=%s\\n' \"${warnings[*]}\"\nelse\n    printf 'WARNINGS=NONE\\n'\nfi\n\nif [[ -v 'errors[0]' ]]\nthen\n    printf 'HOST_AUDIT_ERRORS=%s\\n' \"${errors[*]}\" >&2\n    exit 50\nfi\n\nprintf 'HOST_AUDIT_RESULT=SUCCESS\\n'\n", "delta": "0:00:29.416120", "end": "2026-08-08 04:16:11.406060", "msg": "non-zero return code", "rc": 50, "start": "2026-08-08 04:15:41.989940", "stderr": "Ign:1 https://mirror.yandex.ru/ubuntu jammy InRelease\nIgn:2 https://mirror.yandex.ru/ubuntu jammy-updates InRelease\nIgn:3 https://mirror.yandex.ru/ubuntu jammy-backports InRelease\nIgn:4 https://mirror.yandex.ru/ubuntu jammy-security InRelease\nErr:5 https://mirror.yandex.ru/ubuntu jammy Release\n  Unsupported proxy configured: socks5://172.16.2.254:1080\nErr:6 https://mirror.yandex.ru/ubuntu jammy-updates Release\n  Unsupported proxy configured: socks5://172.16.2.254:1080\nErr:7 https://mirror.yandex.ru/ubuntu jammy-backports Release\n  Unsupported proxy configured: socks5://172.16.2.254:1080\nErr:8 https://mirror.yandex.ru/ubuntu jammy-security Release\n  Unsupported proxy configured: socks5://172.16.2.254:1080\nReading package lists...\nE: The repository 'https://mirror.yandex.ru/ubuntu jammy Release' does not have a Release file.\nE: The repository 'https://mirror.yandex.ru/ubuntu jammy-updates Release' does not have a Release file.\nE: The repository 'https://mirror.yandex.ru/ubuntu jammy-backports Release' does not have a Release file.\nE: The repository 'https://mirror.yandex.ru/ubuntu jammy-security Release' does not have a Release file.\nHOST_AUDIT_ERRORS=STALE_DIRECTORY__etc_kubernetes APT_SIGNED_METADATA_CHECK_FAILED APT_PACKAGE_RESOLUTION_FAILED", "stderr_lines": ["Ign:1 https://mirror.yandex.ru/ubuntu jammy InRelease", "Ign:2 https://mirror.yandex.ru/ubuntu jammy-updates InRelease", "Ign:3 https://mirror.yandex.ru/ubuntu jammy-backports InRelease", "Ign:4 https://mirror.yandex.ru/ubuntu jammy-security InRelease", "Err:5 https://mirror.yandex.ru/ubuntu jammy Release", "  Unsupported proxy configured: socks5://172.16.2.254:1080", "Err:6 https://mirror.yandex.ru/ubuntu jammy-updates Release", "  Unsupported proxy configured: socks5://172.16.2.254:1080", "Err:7 https://mirror.yandex.ru/ubuntu jammy-backports Release", "  Unsupported proxy configured: socks5://172.16.2.254:1080", "Err:8 https://mirror.yandex.ru/ubuntu jammy-security Release", "  Unsupported proxy configured: socks5://172.16.2.254:1080", "Reading package lists...", "E: The repository 'https://mirror.yandex.ru/ubuntu jammy Release' does not have a Release file.", "E: The repository 'https://mirror.yandex.ru/ubuntu jammy-updates Release' does not have a Release file.", "E: The repository 'https://mirror.yandex.ru/ubuntu jammy-backports Release' does not have a Release file.", "E: The repository 'https://mirror.yandex.ru/ubuntu jammy-security Release' does not have a Release file.", "HOST_AUDIT_ERRORS=STALE_DIRECTORY__etc_kubernetes APT_SIGNED_METADATA_CHECK_FAILED APT_PACKAGE_RESOLUTION_FAILED"], "stdout": "HOST=k8s-worker-ru-central1-a\nPRIMARY_IPV4=172.16.1.21\nPRIMARY_INTERFACE=eth0\nPRIMARY_MTU=1500\nCPU_VCPU=2\nMEMORY_MB=1962\nROOT_FREE_KB=17830684\nROOT_FREE_INODES=2412161\nIPV4_FORWARDING=1\nSWAP=DISABLED\nNTP_SYNCHRONIZED=yes\nCLOUD_INIT=done\nUFW=Status: inactive\nFIREWALLD=NOT_INSTALLED\nPROXY_ENVIRONMENT=NOT_SET\nCONTAINERD_SERVICE=inactive\nCONTAINERD_PACKAGE=NOT_INSTALLED\nWARNINGS=NONE", "stdout_lines": ["HOST=k8s-worker-ru-central1-a", "PRIMARY_IPV4=172.16.1.21", "PRIMARY_INTERFACE=eth0", "PRIMARY_MTU=1500", "CPU_VCPU=2", "MEMORY_MB=1962", "ROOT_FREE_KB=17830684", "ROOT_FREE_INODES=2412161", "IPV4_FORWARDING=1", "SWAP=DISABLED", "NTP_SYNCHRONIZED=yes", "CLOUD_INIT=done", "UFW=Status: inactive", "FIREWALLD=NOT_INSTALLED", "PROXY_ENVIRONMENT=NOT_SET", "CONTAINERD_SERVICE=inactive", "CONTAINERD_PACKAGE=NOT_INSTALLED", "WARNINGS=NONE"]}
fatal: [k8s-master-ru-central1-a]: FAILED! => {"changed": false, "cmd": "set -Eeuo pipefail\nexport LANG=C.UTF-8\nexport LC_ALL=C.UTF-8\n\nerrors=()\nwarnings=()\n\nadd_error()\n{\n    errors+=(\"$1\")\n}\n\nadd_warning()\n{\n    warnings+=(\"$1\")\n}\n\nroot_free_kb=\"$(df -Pk / | awk 'NR == 2 { print $4 }')\"\nroot_free_inodes=\"$(df -Pi / | awk 'NR == 2 { print $4 }')\"\nroot_inode_use=\"$(df -Pi / | awk 'NR == 2 { gsub(/%/, \"\", $5); print $5 }')\"\n\n(( root_free_kb >= 10485760 )) || add_error \"ROOT_FREE_SPACE_LT_10_GIB\"\n(( root_free_inodes >= 100000 )) || add_error \"ROOT_FREE_INODES_LT_100000\"\n(( root_inode_use < 90 )) || add_error \"ROOT_INODE_USAGE_GE_90_PERCENT\"\n\nactive_swap=\"$(swapon --noheadings --show=NAME 2>/dev/null || true)\"\n[[ -z \"${active_swap}\" ]] || add_error \"SWAP_ACTIVE\"\n\nipv4_forward=\"$(sysctl -n net.ipv4.ip_forward 2>/dev/null || true)\"\n[[ \"${ipv4_forward}\" == \"1\" ]] || add_error \"IPV4_FORWARDING_DISABLED\"\n\nntp_state=\"$(timedatectl show --property=NTPSynchronized --value 2>/dev/null || true)\"\n[[ \"${ntp_state}\" == \"yes\" ]] || add_error \"TIME_NOT_SYNCHRONIZED\"\n\nif command -v cloud-init >/dev/null 2>&1\nthen\n    cloud_init_state=\"$(cloud-init status 2>/dev/null | awk '{ print $2; exit }')\"\n    [[ \"${cloud_init_state}\" == \"done\" ]] || add_error \"CLOUD_INIT_NOT_DONE\"\nelse\n    cloud_init_state=\"NOT_INSTALLED\"\nfi\n\n[[ ! -e /var/run/reboot-required ]] || add_error \"REBOOT_REQUIRED\"\n\ndpkg_audit=\"$(dpkg --audit 2>&1 || true)\"\n[[ -z \"${dpkg_audit}\" ]] || add_error \"DPKG_AUDIT_NOT_CLEAN\"\n\nif command -v ufw >/dev/null 2>&1\nthen\n    ufw_state=\"$(ufw status 2>/dev/null | head -n 1 || true)\"\n    grep -Fqi 'inactive' <<< \"${ufw_state}\" || add_error \"UFW_ACTIVE\"\nelse\n    ufw_state=\"NOT_INSTALLED\"\nfi\n\nif systemctl list-unit-files firewalld.service >/dev/null 2>&1\nthen\n    firewalld_state=\"$(systemctl is-active firewalld 2>/dev/null || true)\"\n    [[ \"${firewalld_state}\" != \"active\" ]] || add_error \"FIREWALLD_ACTIVE\"\nelse\n    firewalld_state=\"NOT_INSTALLED\"\nfi\n\nif command -v iptables-save >/dev/null 2>&1\nthen\n    filter_policies=\"$(iptables-save -t filter 2>/dev/null | awk '$1 ~ /^:/ { print $1, $2 }')\"\n    grep -Eq '^:INPUT DROP$|^:FORWARD DROP$' <<< \"${filter_policies}\" &&\n        add_error \"IPTABLES_DEFAULT_DROP_POLICY\" || true\n\n    if iptables-save 2>/dev/null | grep -Eq '(^|[[:space:]])(KUBE-|cali-|CNI-|FLANNEL)'\n    then\n        add_error \"KUBERNETES_OR_CNI_IPTABLES_RESIDUE\"\n    fi\nfi\n\nfor module in overlay br_netfilter nf_conntrack ip_vs ip_vs_rr ip_vs_wrr ip_vs_sh\ndo\n    modinfo \"${module}\" >/dev/null 2>&1 || add_error \"KERNEL_MODULE_UNAVAILABLE_${module}\"\ndone\n\nfor service in kubelet etcd\ndo\n    if systemctl is-active --quiet \"${service}\" 2>/dev/null ||\n       systemctl is-enabled --quiet \"${service}\" 2>/dev/null\n    then\n        add_error \"STALE_SERVICE_${service}\"\n    fi\ndone\n\nfor package_name in kubeadm kubelet kubectl kubernetes-cni\ndo\n    package_state=\"$(dpkg-query -W -f='${db:Status-Abbrev}' \"${package_name}\" 2>/dev/null || true)\"\n    [[ \"${package_state}\" != \"ii \" ]] || add_error \"STALE_PACKAGE_${package_name}\"\ndone\n\nfor binary in kubeadm kubelet kubectl\ndo\n    command -v \"${binary}\" >/dev/null 2>&1 && add_error \"STALE_BINARY_${binary}\" || true\ndone\n\nfor directory in    /etc/kubernetes    /var/lib/kubelet    /var/lib/etcd    /etc/cni/net.d    /var/lib/cni    /opt/cni/bin\ndo\n    if [[ -d \"${directory}\" ]] &&\n       find \"${directory}\" -mindepth 1 -print -quit 2>/dev/null | grep -q .\n    then\n        add_error \"STALE_DIRECTORY_${directory//\\//_}\"\n    fi\ndone\n\nif ip -o link show 2>/dev/null |\n    grep -Eq '^[0-9]+: (cni0|flannel\\.|cali|tunl0|vxlan\\.calico|kube-ipvs0)'\nthen\n    add_error \"STALE_KUBERNETES_NETWORK_INTERFACE\"\nfi\n\nif ip -4 route show 2>/dev/null |\n    grep -Eq '(^|[[:space:]])10\\.233\\.(0|[1-9]|[1-9][0-9]|1[01][0-9]|12[0-7])\\.'\nthen\n    add_error \"STALE_KUBERNETES_ROUTE\"\nfi\n\nrole_ports=(10250)\nif [[ \"k8s-master-ru-central1-a\" == k8s-master-* ]]\nthen\n    role_ports+=(2379 2380 6443 10257 10259)\nelse\n    role_ports+=(10256)\nfi\n\nlistening_sockets=\"$(ss -H -lntup 2>/dev/null || true)\"\nfor port in \"${role_ports[@]}\"\ndo\n    if awk -v port=\":${port}\" '$5 ~ port \"$\" { found=1 } END { exit(found ? 0 : 1) }'        <<< \"${listening_sockets}\"\n    then\n        add_error \"REQUIRED_PORT_ALREADY_IN_USE_${port}\"\n    fi\ndone\n\ndefault_route_count=\"$(ip -4 route show default | awk 'END { print NR + 0 }')\"\n(( default_route_count >= 1 )) || add_error \"DEFAULT_ROUTE_MISSING\"\n\nroute_overlap=\"$({\n    ip -4 route show |\n        awk '$1 != \"default\" && $1 ~ /^[0-9]+\\./ { print $1 }' |\n        python3 -c '\nimport ipaddress\nimport sys\n\nservice = ipaddress.ip_network(\"10.233.0.0/18\")\npods = ipaddress.ip_network(\"10.233.64.0/18\")\n\nfor text in sys.stdin:\n    text = text.strip()\n    if not text:\n        continue\n    try:\n        route = ipaddress.ip_network(text, strict=False)\n    except ValueError:\n        continue\n    if route.overlaps(service) or route.overlaps(pods):\n        print(route)\n' || true\n})\"\n[[ -z \"${route_overlap}\" ]] || add_error \"POD_OR_SERVICE_NETWORK_ROUTE_OVERLAP\"\n\nfor peer_ip in    172.16.1.10 172.16.2.10 172.16.3.10    172.16.1.21 172.16.2.21 172.16.3.21\ndo\n    timeout 5 bash -c \"exec 3<>/dev/tcp/${peer_ip}/22\" 2>/dev/null ||\n        add_error \"PEER_SSH_UNREACHABLE_${peer_ip}\"\ndone\n\nfor dns_name in    mirror.yandex.ru    dl.k8s.io    registry.k8s.io    quay.io    registry-1.docker.io    github.com    ghcr.io\ndo\n    getent ahostsv4 \"${dns_name}\" >/dev/null 2>&1 ||\n        add_error \"DNS_RESOLUTION_FAILED_${dns_name}\"\ndone\n\napt_temp=\"$(mktemp -d /tmp/kubespray-apt-preflight.XXXXXX)\"\ncleanup_apt_temp()\n{\n    rm -rf -- \"${apt_temp}\"\n}\ntrap cleanup_apt_temp EXIT\n\nmkdir -p --    \"${apt_temp}/lists/partial\"    \"${apt_temp}/cache/archives/partial\"\nchmod 755 -- \"${apt_temp}\" \"${apt_temp}/lists\" \"${apt_temp}/lists/partial\"\n\napt_options=(\n    -o \"Dir::State::lists=${apt_temp}/lists\"\n    -o \"Dir::Cache=${apt_temp}/cache\"\n    -o Acquire::Retries=2\n    -o Acquire::http::Timeout=30\n    -o Acquire::https::Timeout=30\n    -o APT::Get::List-Cleanup=0\n)\n\nif ! apt-get \"${apt_options[@]}\" update >/tmp/kubespray-apt-preflight-output.$$ 2>&1\nthen\n    sed -E        -e 's#(https?://)[^/@[:space:]]+:[^/@[:space:]]+@#\\1***:***@#g'        -e 's#([Aa]uthorization:).*#\\1 ***#g'        /tmp/kubespray-apt-preflight-output.$$ >&2 || true\n    rm -f -- /tmp/kubespray-apt-preflight-output.$$\n    add_error \"APT_SIGNED_METADATA_CHECK_FAILED\"\nelse\n    rm -f -- /tmp/kubespray-apt-preflight-output.$$\nfi\n\nrequired_packages=(\n    ca-certificates conntrack curl ebtables ethtool iproute2 ipset\n    iptables ipvsadm kmod libseccomp2 openssl python3 python3-apt\n    rsync socat sudo tar util-linux\n)\n\nif ! apt-get \"${apt_options[@]}\" --simulate install \"${required_packages[@]}\"    >/dev/null 2>&1\nthen\n    add_error \"APT_PACKAGE_RESOLUTION_FAILED\"\nfi\n\ncheck_http()\n{\n    local name=\"$1\"\n    local url=\"$2\"\n    local accepted=\"$3\"\n    local code=\"\"\n\n    code=\"$(\n        curl \\\n            --location \\\n            --silent \\\n            --show-error \\\n            --output /dev/null \\\n            --connect-timeout 15 \\\n            --max-time 45 \\\n            --write-out '%{http_code}' \\\n            \"${url}\" || true\n    )\"\n\n    grep -Eq \"^(${accepted})$\" <<< \"${code}\" ||\n        add_error \"HTTPS_ENDPOINT_FAILED_${name}_${code:-NO_CODE}\"\n}\n\ncheck_http \"APT_INRELEASE\"    \"https://mirror.yandex.ru/ubuntu/dists/jammy/InRelease\" \"200\"\ncheck_http \"KUBEADM_BINARY\"    \"https://dl.k8s.io/release/v1.30.4/bin/linux/amd64/kubeadm\" \"200\"\ncheck_http \"KUBERNETES_REGISTRY\"    \"https://registry.k8s.io/v2/\" \"200|401|404\"\ncheck_http \"QUAY_REGISTRY\"    \"https://quay.io/v2/\" \"200|401\"\ncheck_http \"DOCKER_REGISTRY\"    \"https://registry-1.docker.io/v2/\" \"200|401\"\ncheck_http \"GHCR_REGISTRY\"    \"https://ghcr.io/v2/\" \"200|401\"\ncheck_http \"GITHUB\" \"https://github.com/\" \"200\"\n\nproxy_environment=\"NOT_SET\"\nif env | awk -F= 'tolower($1) ~ /^(http|https|all|no)_proxy$/ { found=1 } END { exit(found ? 0 : 1) }'\nthen\n    proxy_environment=\"PRESENT\"\nfi\n\ncontainerd_state=\"$(systemctl is-active containerd 2>/dev/null || true)\"\ncontainerd_package=\"$(dpkg-query -W -f='${db:Status-Abbrev}' containerd.io 2>/dev/null || true)\"\n\nprintf 'HOST=%s\\n' \"k8s-master-ru-central1-a\"\nprintf 'PRIMARY_IPV4=%s\\n' \"172.16.1.10\"\nprintf 'PRIMARY_INTERFACE=%s\\n' \"eth0\"\nprintf 'PRIMARY_MTU=%s\\n' \"1500\"\nprintf 'CPU_VCPU=%s\\n' \"2\"\nprintf 'MEMORY_MB=%s\\n' \"3910\"\nprintf 'ROOT_FREE_KB=%s\\n' \"${root_free_kb}\"\nprintf 'ROOT_FREE_INODES=%s\\n' \"${root_free_inodes}\"\nprintf 'IPV4_FORWARDING=%s\\n' \"${ipv4_forward}\"\nprintf 'SWAP=%s\\n' \"$([[ -z \"${active_swap}\" ]] && printf DISABLED || printf ACTIVE)\"\nprintf 'NTP_SYNCHRONIZED=%s\\n' \"${ntp_state}\"\nprintf 'CLOUD_INIT=%s\\n' \"${cloud_init_state}\"\nprintf 'UFW=%s\\n' \"${ufw_state}\"\nprintf 'FIREWALLD=%s\\n' \"${firewalld_state}\"\nprintf 'PROXY_ENVIRONMENT=%s\\n' \"${proxy_environment}\"\nprintf 'CONTAINERD_SERVICE=%s\\n' \"${containerd_state:-NOT_INSTALLED}\"\nprintf 'CONTAINERD_PACKAGE=%s\\n' \"${containerd_package:-NOT_INSTALLED}\"\n\nif [[ -v 'warnings[0]' ]]\nthen\n    printf 'WARNINGS=%s\\n' \"${warnings[*]}\"\nelse\n    printf 'WARNINGS=NONE\\n'\nfi\n\nif [[ -v 'errors[0]' ]]\nthen\n    printf 'HOST_AUDIT_ERRORS=%s\\n' \"${errors[*]}\" >&2\n    exit 50\nfi\n\nprintf 'HOST_AUDIT_RESULT=SUCCESS\\n'\n", "delta": "0:00:35.749173", "end": "2026-08-08 04:16:17.752392", "msg": "non-zero return code", "rc": 50, "start": "2026-08-08 04:15:42.003219", "stderr": "HOST_AUDIT_ERRORS=STALE_DIRECTORY__etc_kubernetes", "stderr_lines": ["HOST_AUDIT_ERRORS=STALE_DIRECTORY__etc_kubernetes"], "stdout": "HOST=k8s-master-ru-central1-a\nPRIMARY_IPV4=172.16.1.10\nPRIMARY_INTERFACE=eth0\nPRIMARY_MTU=1500\nCPU_VCPU=2\nMEMORY_MB=3910\nROOT_FREE_KB=27861776\nROOT_FREE_INODES=3702400\nIPV4_FORWARDING=1\nSWAP=DISABLED\nNTP_SYNCHRONIZED=yes\nCLOUD_INIT=done\nUFW=Status: inactive\nFIREWALLD=NOT_INSTALLED\nPROXY_ENVIRONMENT=NOT_SET\nCONTAINERD_SERVICE=inactive\nCONTAINERD_PACKAGE=NOT_INSTALLED\nWARNINGS=NONE", "stdout_lines": ["HOST=k8s-master-ru-central1-a", "PRIMARY_IPV4=172.16.1.10", "PRIMARY_INTERFACE=eth0", "PRIMARY_MTU=1500", "CPU_VCPU=2", "MEMORY_MB=3910", "ROOT_FREE_KB=27861776", "ROOT_FREE_INODES=3702400", "IPV4_FORWARDING=1", "SWAP=DISABLED", "NTP_SYNCHRONIZED=yes", "CLOUD_INIT=done", "UFW=Status: inactive", "FIREWALLD=NOT_INSTALLED", "PROXY_ENVIRONMENT=NOT_SET", "CONTAINERD_SERVICE=inactive", "CONTAINERD_PACKAGE=NOT_INSTALLED", "WARNINGS=NONE"]}

PLAY RECAP *********************************************************************
k8s-master-ru-central1-a   : ok=1    changed=0    unreachable=0    failed=1    skipped=0    rescued=0    ignored=0   
k8s-master-ru-central1-b   : ok=1    changed=0    unreachable=0    failed=1    skipped=0    rescued=0    ignored=0   
k8s-master-ru-central1-d   : ok=1    changed=0    unreachable=0    failed=1    skipped=0    rescued=0    ignored=0   
k8s-worker-ru-central1-a   : ok=1    changed=0    unreachable=0    failed=1    skipped=0    rescued=0    ignored=0   
k8s-worker-ru-central1-b   : ok=1    changed=0    unreachable=0    failed=1    skipped=0    rescued=0    ignored=0   
k8s-worker-ru-central1-d   : ok=1    changed=0    unreachable=0    failed=1    skipped=0    rescued=0    ignored=0   


TASKS RECAP ********************************************************************
Saturday 08 August 2026  07:16:17 +0300 (0:00:36.283)       0:00:36.547 ******* 
=============================================================================== 
Run comprehensive host audit without persistent changes ---------------- 36.28s
Verify the approved operating-system and hardware baseline -------------- 0.22s

KUBESPRAY_PREFLIGHT_RESULT=FAILED
FAILED_COMMAND="${VENV_ANSIBLE_PLAYBOOK}" -i "${INVENTORY_FILE}" "${AUDIT_PLAYBOOK}"
EXIT_CODE=2
